###############################################################
#  Generated by:      Cadence Innovus 20.14-s095_1
#  OS:                Linux x86_64(Host ID vvcevpn)
#  Generated on:      Mon May  4 22:25:51 2026
#  Design:            systolic_array
#  Command:           check_timing -type clocks > /home/vlsi_S34/Desktop/tempppp/pd/reports/check_clocks.rpt
###############################################################
     +-------------------------------------------------------------------------------------------------------+ 
     |                                         TIMING CHECK SUMMARY                                          | 
     |-------------------------------------------------------------------------------------------------------| 
     |           Warning            |                     Warning Description                     |  Number  | 
     |                              |                                                             |    of    | 
     |                              |                                                             | Warnings | 
     |------------------------------+-------------------------------------------------------------+----------| 
     | clock_expected               | Clock not found where clock is expected                     |        0 | 
     | ideal_clock_waveform         | Clock waveform is ideal                                     |        0 | 
     | invalid_pll_configuration    | No valid path exists from output pin to feedback pin of PLL |        0 | 
     | master_clk_edge_not_reaching | Master clock edge does not reach the generated clock target |        0 | 
     | no_gen_clock_source          | No clock source found for generated clock                   |        0 | 
     | pulse_non-pulse_clock_merge  | Merge of pulse and non-pulse clock paths                    |        0 | 
     +-------------------------------------------------------------------------------------------------------+ 
