###############################################################
#  Generated by:      Cadence Innovus 20.14-s095_1
#  OS:                Linux x86_64(Host ID vvcevpn)
#  Generated on:      Mon May  4 15:52:53 2026
#  Design:            systolic_array
#  Command:           report_design -late > /home/vlsi_S34/Desktop/tempppp/pd/reports/design_info.rpt
###############################################################

	 View : max_worst
     +--------------------------------------------------------+ 
     |     Design Property      |     Value      | 
     |--------------------------+----------------+------------| 
     | Design Name              | systolic_array | 
     |--------------------------+----------------+------------| 
     |                          |      MAX       |    MIN     | 
     | Operating Condition Name |      slow      |    slow    | 
     |         Process          |     1.000      |   1.000    | 
     |         Voltage          |     0.900      |   0.900    | 
     |       Temperature        |    125.000     |  125.000   | 
     |        Tree Type         |   worst_case   | worst_case | 
     +--------------------------------------------------------+ 
     +-------------------------+ 
     |   Design Rule   | Value | 
     |-----------------+-------| 
     | Max Transition  | 0.500 | 
     | Min Transition  |    NA | 
     | Max Capacitance |    NA | 
     | Min Capacitance |    NA | 
     | Max Fanout      |    NA | 
     | Min Fanout      |    NA | 
     +-------------------------+ 
