
Power Net Detected:
        Voltage	    Name
             0V	    VSS
           0.9V	    VDD
Using Power View: max_worst.
Load RC corner of view max_worst

Begin Power Analysis

             0V	    VSS
           0.9V	    VDD

Begin Processing Timing Library for Power Calculation

Begin Processing Timing Library for Power Calculation



Begin Processing Power Net/Grid for Power Calculation

Ended Processing Power Net/Grid for Power Calculation: (cpu=0:00:00, real=0:00:00, mem(process/total/peak)=1850.30MB/4413.46MB/2244.69MB)

Begin Processing Timing Window Data for Power Calculation

clk(75.0188MHz) CK: assigning clock clk to net clk
Ended Processing Timing Window Data for Power Calculation: (cpu=0:00:00, real=0:00:00, mem(process/total/peak)=1851.18MB/4413.46MB/2244.69MB)

Begin Processing User Attributes

Ended Processing User Attributes: (cpu=0:00:00, real=0:00:00, mem(process/total/peak)=1851.23MB/4413.46MB/2244.69MB)

Begin Processing Signal Activity


Starting Levelizing
2026-May-04 15:47:19 (2026-May-04 10:17:19 GMT)
2026-May-04 15:47:19 (2026-May-04 10:17:19 GMT): 10%
2026-May-04 15:47:19 (2026-May-04 10:17:19 GMT): 20%
2026-May-04 15:47:19 (2026-May-04 10:17:19 GMT): 30%
2026-May-04 15:47:19 (2026-May-04 10:17:19 GMT): 40%
2026-May-04 15:47:19 (2026-May-04 10:17:19 GMT): 50%
2026-May-04 15:47:19 (2026-May-04 10:17:19 GMT): 60%
2026-May-04 15:47:19 (2026-May-04 10:17:19 GMT): 70%
2026-May-04 15:47:19 (2026-May-04 10:17:19 GMT): 80%
2026-May-04 15:47:19 (2026-May-04 10:17:19 GMT): 90%

Finished Levelizing
2026-May-04 15:47:19 (2026-May-04 10:17:19 GMT)

Starting Activity Propagation
2026-May-04 15:47:19 (2026-May-04 10:17:19 GMT)
** INFO:  (VOLTUS_POWR-1356): No default input activity has been set. Defaulting to 0.2.
Use 'set_default_switching_activity -input_activity' command to change the default activity value.

2026-May-04 15:47:19 (2026-May-04 10:17:19 GMT): 10%
2026-May-04 15:47:19 (2026-May-04 10:17:19 GMT): 20%

Finished Activity Propagation
2026-May-04 15:47:20 (2026-May-04 10:17:20 GMT)
Ended Processing Signal Activity: (cpu=0:00:00, real=0:00:00, mem(process/total/peak)=1851.98MB/4413.46MB/2244.69MB)

Begin Power Computation

      ----------------------------------------------------------
      # of cell(s) missing both power/leakage table: 0
      # of cell(s) missing power table: 0
      # of cell(s) missing leakage table: 0
      # of MSMV cell(s) missing power_level: 0
      ----------------------------------------------------------



Starting Calculating power
2026-May-04 15:47:20 (2026-May-04 10:17:20 GMT)
 ... Calculating switching power
2026-May-04 15:47:20 (2026-May-04 10:17:20 GMT): 10%
2026-May-04 15:47:20 (2026-May-04 10:17:20 GMT): 20%
2026-May-04 15:47:20 (2026-May-04 10:17:20 GMT): 30%
2026-May-04 15:47:20 (2026-May-04 10:17:20 GMT): 40%
2026-May-04 15:47:20 (2026-May-04 10:17:20 GMT): 50%
 ... Calculating internal and leakage power
2026-May-04 15:47:20 (2026-May-04 10:17:20 GMT): 60%
2026-May-04 15:47:20 (2026-May-04 10:17:20 GMT): 70%
2026-May-04 15:47:20 (2026-May-04 10:17:20 GMT): 80%
2026-May-04 15:47:20 (2026-May-04 10:17:20 GMT): 90%

Finished Calculating power
2026-May-04 15:47:20 (2026-May-04 10:17:20 GMT)
Ended Power Computation: (cpu=0:00:00, real=0:00:00, mem(process/total/peak)=1853.15MB/4413.46MB/2244.69MB)

Begin Processing User Attributes

Ended Processing User Attributes: (cpu=0:00:00, real=0:00:00, mem(process/total/peak)=1853.15MB/4413.46MB/2244.69MB)

Ended Power Analysis: (cpu=0:00:00, real=0:00:01, mem(process/total/peak)=1853.22MB/4413.46MB/2244.69MB)

Begin Boundary Leakage Calculation
Ended Boundary Leakage Calculation: (cpu=0:00:00, real=0:00:00,
mem(process/total/peak)=1853.23MB/4413.46MB/2244.69MB)
Begin Static Power Report Generation
*----------------------------------------------------------------------------------------
*	Innovus 20.14-s095_1 (64bit) 04/19/2021 14:41 (Linux 2.6.32-431.11.2.el6.x86_64)
*	
*
* 	Date & Time:	2026-May-04 15:47:20 (2026-May-04 10:17:20 GMT)
*
*----------------------------------------------------------------------------------------
*
*	Design: systolic_array
*
*	Liberty Libraries used:
*	        max_worst: /home/vlsi_S34/Desktop/tempppp/pd/final_flow/flow/extractRC.enc.dat/libs/mmmc/slow.lib
*
*	Parasitic Files used:
*
*       Power View : max_worst
*
*       User-Defined Activity : N.A.
*
*       Activity File: N.A.
*
*       Hierarchical Global Activity: N.A.
*
*       Global Activity: N.A.
*
*       Sequential Element Activity: 0.200000
*
*       Primary Input Activity: 0.200000
*
*       Default icg ratio: N.A.
*
*       Global Comb ClockGate Ratio: N.A.
*
*	Power Units = 1mW
*
*	Time Units = 1e-09 secs
*
*       report_power
*
-----------------------------------------------------------------------------------------
*



Total Power
-----------------------------------------------------------------------------------------
Total Internal Power:        5.29719611 	   66.3306%
Total Switching Power:       2.06353559 	   25.8392%
Total Leakage Power:         0.62531977 	    7.8301%
Total Power:                 7.98605151
-----------------------------------------------------------------------------------------


Group                           Internal   Switching     Leakage       Total  Percentage 
                                Power      Power         Power         Power  (%)        
-----------------------------------------------------------------------------------------
Sequential                             3       0.125      0.2225       3.347       41.92
Macro                                  0           0           0           0           0
IO                                     0           0           0           0           0
Combinational                      2.116       1.635      0.3985       4.149       51.96
Clock (Combinational)             0.1817      0.3031    0.004331      0.4891       6.125
Clock (Sequential)                     0           0           0           0           0
-----------------------------------------------------------------------------------------
Total                              5.297       2.064      0.6253       7.986         100
-----------------------------------------------------------------------------------------


Rail                  Voltage   Internal   Switching     Leakage       Total  Percentage 
                                Power      Power         Power         Power  (%)        
-----------------------------------------------------------------------------------------
VDD                       0.9      5.297       2.064      0.6253       7.986         100


Clock                           Internal   Switching     Leakage       Total  Percentage 
                                Power      Power         Power         Power  (%)        
-----------------------------------------------------------------------------------------
clk                               0.1817      0.3031    0.004331      0.4891       6.125
-----------------------------------------------------------------------------------------
Total                             0.1817      0.3031    0.004331      0.4891       6.125
-----------------------------------------------------------------------------------------
Clock: clk
Clock Period: 0.013330 usec 
Clock Toggle Rate:   150.0375 Mhz 
Clock Static Probability:  0.5000
  
 
 
-----------------------------------------------------------------------------------------
*	Power Distribution Summary: 
*              Highest Average Power:       CTS_ccl_a_buf_00117 (CLKBUFX16):          0.02635
*              Highest Leakage Power:       CTS_ccl_a_buf_00137 (CLKBUFX12):        0.0002199
*                Total Cap:      1.69577e-10 F
*                Total instances in design: 13691
*                Total instances in design with no power:     0
*                Total instances in design with no activty:     0

*                Total Fillers and Decap:     0
-----------------------------------------------------------------------------------------
 
Ended Static Power Report Generation: (cpu=0:00:00, real=0:00:00,
mem(process/total/peak)=1857.00MB/4413.46MB/2244.69MB)

