###############################################################
#  Generated by:      Cadence Innovus 20.14-s095_1
#  OS:                Linux x86_64(Host ID vvcevpn)
#  Generated on:      Mon May  4 22:24:29 2026
#  Design:            systolic_array
#  Command:           report_timing -unconstrained -max_paths 20 > /home/vlsi_S34/Desktop/tempppp/pd/reports/unconstrained_paths_first20.rpt
###############################################################
Path 1:Endpoint:   P14/outp_east_reg[1]/RN (^)
Beginpoint: rst                     (v) (unconstrained input)
Arrival Time                    2.693
Analysis View: max_worst
     + Input Delay                        0.000
     = Beginpoint Arrival Time            0.000
     +---------------------------------------------------------------------------+ 
     |            Instance             |    Arc     |   Cell   | Delay | Arrival | 
     |                                 |            |          |       |  Time   | 
     |---------------------------------+------------+----------+-------+---------| 
     |                                 | rst v      |          |       |   0.000 | 
     | FE_DBTC0_rst                    | A v -> Y ^ | CLKINVX8 | 0.225 |   0.225 | 
     | FE_OFC878_FE_DBTN0_rst          | A ^ -> Y v | CLKINVX4 | 0.284 |   0.509 | 
     | FE_OFC2_FE_DBTN0_rst            | A v -> Y ^ | CLKINVX6 | 0.311 |   0.819 | 
     | FE_OFC858_FE_DBTN0_rst          | A ^ -> Y v | CLKINVX1 | 0.261 |   1.080 | 
     | FE_OFC861_FE_DBTN0_rst          | A v -> Y ^ | CLKINVX6 | 0.360 |   1.440 | 
     | FE_OFC865_FE_DBTN0_rst          | A ^ -> Y v | CLKINVX2 | 0.215 |   1.655 | 
     | FE_OFC704_FE_DBTN0_rst          | A v -> Y ^ | CLKINVX6 | 0.290 |   1.946 | 
     | FE_OFC920_FE_OFN16_FE_DBTN0_rst | A ^ -> Y ^ | CLKBUFX6 | 0.352 |   2.298 | 
     | FE_OFC921_FE_OFN16_FE_DBTN0_rst | A ^ -> Y ^ | CLKBUFX8 | 0.386 |   2.684 | 
     | P14/outp_east_reg[1]            | RN ^       | DFFRHQX1 | 0.009 |   2.693 | 
     +---------------------------------------------------------------------------+ 
Path 2:Endpoint:   weight_reg_reg[14][1]/RN (^)
Beginpoint: rst                      (v) (unconstrained input)
Arrival Time                    2.693
Analysis View: max_worst
     + Input Delay                        0.000
     = Beginpoint Arrival Time            0.000
     +---------------------------------------------------------------------------+ 
     |            Instance             |    Arc     |   Cell   | Delay | Arrival | 
     |                                 |            |          |       |  Time   | 
     |---------------------------------+------------+----------+-------+---------| 
     |                                 | rst v      |          |       |   0.000 | 
     | FE_DBTC0_rst                    | A v -> Y ^ | CLKINVX8 | 0.225 |   0.225 | 
     | FE_OFC878_FE_DBTN0_rst          | A ^ -> Y v | CLKINVX4 | 0.284 |   0.509 | 
     | FE_OFC2_FE_DBTN0_rst            | A v -> Y ^ | CLKINVX6 | 0.311 |   0.819 | 
     | FE_OFC858_FE_DBTN0_rst          | A ^ -> Y v | CLKINVX1 | 0.261 |   1.080 | 
     | FE_OFC861_FE_DBTN0_rst          | A v -> Y ^ | CLKINVX6 | 0.360 |   1.440 | 
     | FE_OFC865_FE_DBTN0_rst          | A ^ -> Y v | CLKINVX2 | 0.215 |   1.655 | 
     | FE_OFC704_FE_DBTN0_rst          | A v -> Y ^ | CLKINVX6 | 0.290 |   1.946 | 
     | FE_OFC920_FE_OFN16_FE_DBTN0_rst | A ^ -> Y ^ | CLKBUFX6 | 0.352 |   2.298 | 
     | FE_OFC921_FE_OFN16_FE_DBTN0_rst | A ^ -> Y ^ | CLKBUFX8 | 0.386 |   2.684 | 
     | weight_reg_reg[14][1]           | RN ^       | DFFRHQX1 | 0.009 |   2.693 | 
     +---------------------------------------------------------------------------+ 
Path 3:Endpoint:   weight_reg_reg[14][0]/RN (^)
Beginpoint: rst                      (v) (unconstrained input)
Arrival Time                    2.693
Analysis View: max_worst
     + Input Delay                        0.000
     = Beginpoint Arrival Time            0.000
     +---------------------------------------------------------------------------+ 
     |            Instance             |    Arc     |   Cell   | Delay | Arrival | 
     |                                 |            |          |       |  Time   | 
     |---------------------------------+------------+----------+-------+---------| 
     |                                 | rst v      |          |       |   0.000 | 
     | FE_DBTC0_rst                    | A v -> Y ^ | CLKINVX8 | 0.225 |   0.225 | 
     | FE_OFC878_FE_DBTN0_rst          | A ^ -> Y v | CLKINVX4 | 0.284 |   0.509 | 
     | FE_OFC2_FE_DBTN0_rst            | A v -> Y ^ | CLKINVX6 | 0.311 |   0.819 | 
     | FE_OFC858_FE_DBTN0_rst          | A ^ -> Y v | CLKINVX1 | 0.261 |   1.080 | 
     | FE_OFC861_FE_DBTN0_rst          | A v -> Y ^ | CLKINVX6 | 0.360 |   1.440 | 
     | FE_OFC865_FE_DBTN0_rst          | A ^ -> Y v | CLKINVX2 | 0.215 |   1.655 | 
     | FE_OFC704_FE_DBTN0_rst          | A v -> Y ^ | CLKINVX6 | 0.290 |   1.946 | 
     | FE_OFC920_FE_OFN16_FE_DBTN0_rst | A ^ -> Y ^ | CLKBUFX6 | 0.352 |   2.298 | 
     | FE_OFC921_FE_OFN16_FE_DBTN0_rst | A ^ -> Y ^ | CLKBUFX8 | 0.386 |   2.684 | 
     | weight_reg_reg[14][0]           | RN ^       | DFFRHQX1 | 0.009 |   2.693 | 
     +---------------------------------------------------------------------------+ 
Path 4:Endpoint:   P14/outp_east_reg[4]/RN (^)
Beginpoint: rst                     (v) (unconstrained input)
Arrival Time                    2.692
Analysis View: max_worst
     + Input Delay                        0.000
     = Beginpoint Arrival Time            0.000
     +---------------------------------------------------------------------------+ 
     |            Instance             |    Arc     |   Cell   | Delay | Arrival | 
     |                                 |            |          |       |  Time   | 
     |---------------------------------+------------+----------+-------+---------| 
     |                                 | rst v      |          |       |   0.000 | 
     | FE_DBTC0_rst                    | A v -> Y ^ | CLKINVX8 | 0.225 |   0.225 | 
     | FE_OFC878_FE_DBTN0_rst          | A ^ -> Y v | CLKINVX4 | 0.284 |   0.509 | 
     | FE_OFC2_FE_DBTN0_rst            | A v -> Y ^ | CLKINVX6 | 0.311 |   0.819 | 
     | FE_OFC858_FE_DBTN0_rst          | A ^ -> Y v | CLKINVX1 | 0.261 |   1.080 | 
     | FE_OFC861_FE_DBTN0_rst          | A v -> Y ^ | CLKINVX6 | 0.360 |   1.440 | 
     | FE_OFC865_FE_DBTN0_rst          | A ^ -> Y v | CLKINVX2 | 0.215 |   1.655 | 
     | FE_OFC704_FE_DBTN0_rst          | A v -> Y ^ | CLKINVX6 | 0.290 |   1.946 | 
     | FE_OFC920_FE_OFN16_FE_DBTN0_rst | A ^ -> Y ^ | CLKBUFX6 | 0.352 |   2.298 | 
     | FE_OFC921_FE_OFN16_FE_DBTN0_rst | A ^ -> Y ^ | CLKBUFX8 | 0.386 |   2.684 | 
     | P14/outp_east_reg[4]            | RN ^       | DFFRHQX1 | 0.008 |   2.692 | 
     +---------------------------------------------------------------------------+ 
Path 5:Endpoint:   P14/outp_east_reg[3]/RN (^)
Beginpoint: rst                     (v) (unconstrained input)
Arrival Time                    2.692
Analysis View: max_worst
     + Input Delay                        0.000
     = Beginpoint Arrival Time            0.000
     +---------------------------------------------------------------------------+ 
     |            Instance             |    Arc     |   Cell   | Delay | Arrival | 
     |                                 |            |          |       |  Time   | 
     |---------------------------------+------------+----------+-------+---------| 
     |                                 | rst v      |          |       |   0.000 | 
     | FE_DBTC0_rst                    | A v -> Y ^ | CLKINVX8 | 0.225 |   0.225 | 
     | FE_OFC878_FE_DBTN0_rst          | A ^ -> Y v | CLKINVX4 | 0.284 |   0.509 | 
     | FE_OFC2_FE_DBTN0_rst            | A v -> Y ^ | CLKINVX6 | 0.311 |   0.819 | 
     | FE_OFC858_FE_DBTN0_rst          | A ^ -> Y v | CLKINVX1 | 0.261 |   1.080 | 
     | FE_OFC861_FE_DBTN0_rst          | A v -> Y ^ | CLKINVX6 | 0.360 |   1.440 | 
     | FE_OFC865_FE_DBTN0_rst          | A ^ -> Y v | CLKINVX2 | 0.215 |   1.655 | 
     | FE_OFC704_FE_DBTN0_rst          | A v -> Y ^ | CLKINVX6 | 0.290 |   1.946 | 
     | FE_OFC920_FE_OFN16_FE_DBTN0_rst | A ^ -> Y ^ | CLKBUFX6 | 0.352 |   2.298 | 
     | FE_OFC921_FE_OFN16_FE_DBTN0_rst | A ^ -> Y ^ | CLKBUFX8 | 0.386 |   2.684 | 
     | P14/outp_east_reg[3]            | RN ^       | DFFRHQX1 | 0.008 |   2.692 | 
     +---------------------------------------------------------------------------+ 
Path 6:Endpoint:   P14/outp_east_reg[2]/RN (^)
Beginpoint: rst                     (v) (unconstrained input)
Arrival Time                    2.692
Analysis View: max_worst
     + Input Delay                        0.000
     = Beginpoint Arrival Time            0.000
     +---------------------------------------------------------------------------+ 
     |            Instance             |    Arc     |   Cell   | Delay | Arrival | 
     |                                 |            |          |       |  Time   | 
     |---------------------------------+------------+----------+-------+---------| 
     |                                 | rst v      |          |       |   0.000 | 
     | FE_DBTC0_rst                    | A v -> Y ^ | CLKINVX8 | 0.225 |   0.225 | 
     | FE_OFC878_FE_DBTN0_rst          | A ^ -> Y v | CLKINVX4 | 0.284 |   0.509 | 
     | FE_OFC2_FE_DBTN0_rst            | A v -> Y ^ | CLKINVX6 | 0.311 |   0.819 | 
     | FE_OFC858_FE_DBTN0_rst          | A ^ -> Y v | CLKINVX1 | 0.261 |   1.080 | 
     | FE_OFC861_FE_DBTN0_rst          | A v -> Y ^ | CLKINVX6 | 0.360 |   1.440 | 
     | FE_OFC865_FE_DBTN0_rst          | A ^ -> Y v | CLKINVX2 | 0.215 |   1.655 | 
     | FE_OFC704_FE_DBTN0_rst          | A v -> Y ^ | CLKINVX6 | 0.290 |   1.946 | 
     | FE_OFC920_FE_OFN16_FE_DBTN0_rst | A ^ -> Y ^ | CLKBUFX6 | 0.352 |   2.298 | 
     | FE_OFC921_FE_OFN16_FE_DBTN0_rst | A ^ -> Y ^ | CLKBUFX8 | 0.386 |   2.684 | 
     | P14/outp_east_reg[2]            | RN ^       | DFFRHQX1 | 0.008 |   2.692 | 
     +---------------------------------------------------------------------------+ 
Path 7:Endpoint:   P14/outp_east_reg[5]/RN (^)
Beginpoint: rst                     (v) (unconstrained input)
Arrival Time                    2.692
Analysis View: max_worst
     + Input Delay                        0.000
     = Beginpoint Arrival Time            0.000
     +---------------------------------------------------------------------------+ 
     |            Instance             |    Arc     |   Cell   | Delay | Arrival | 
     |                                 |            |          |       |  Time   | 
     |---------------------------------+------------+----------+-------+---------| 
     |                                 | rst v      |          |       |   0.000 | 
     | FE_DBTC0_rst                    | A v -> Y ^ | CLKINVX8 | 0.225 |   0.225 | 
     | FE_OFC878_FE_DBTN0_rst          | A ^ -> Y v | CLKINVX4 | 0.284 |   0.509 | 
     | FE_OFC2_FE_DBTN0_rst            | A v -> Y ^ | CLKINVX6 | 0.311 |   0.819 | 
     | FE_OFC858_FE_DBTN0_rst          | A ^ -> Y v | CLKINVX1 | 0.261 |   1.080 | 
     | FE_OFC861_FE_DBTN0_rst          | A v -> Y ^ | CLKINVX6 | 0.360 |   1.440 | 
     | FE_OFC865_FE_DBTN0_rst          | A ^ -> Y v | CLKINVX2 | 0.215 |   1.655 | 
     | FE_OFC704_FE_DBTN0_rst          | A v -> Y ^ | CLKINVX6 | 0.290 |   1.946 | 
     | FE_OFC920_FE_OFN16_FE_DBTN0_rst | A ^ -> Y ^ | CLKBUFX6 | 0.352 |   2.298 | 
     | FE_OFC921_FE_OFN16_FE_DBTN0_rst | A ^ -> Y ^ | CLKBUFX8 | 0.386 |   2.684 | 
     | P14/outp_east_reg[5]            | RN ^       | DFFRHQX1 | 0.008 |   2.692 | 
     +---------------------------------------------------------------------------+ 
Path 8:Endpoint:   P14/outp_east_reg[6]/RN (^)
Beginpoint: rst                     (v) (unconstrained input)
Arrival Time                    2.692
Analysis View: max_worst
     + Input Delay                        0.000
     = Beginpoint Arrival Time            0.000
     +---------------------------------------------------------------------------+ 
     |            Instance             |    Arc     |   Cell   | Delay | Arrival | 
     |                                 |            |          |       |  Time   | 
     |---------------------------------+------------+----------+-------+---------| 
     |                                 | rst v      |          |       |   0.000 | 
     | FE_DBTC0_rst                    | A v -> Y ^ | CLKINVX8 | 0.225 |   0.225 | 
     | FE_OFC878_FE_DBTN0_rst          | A ^ -> Y v | CLKINVX4 | 0.284 |   0.509 | 
     | FE_OFC2_FE_DBTN0_rst            | A v -> Y ^ | CLKINVX6 | 0.311 |   0.819 | 
     | FE_OFC858_FE_DBTN0_rst          | A ^ -> Y v | CLKINVX1 | 0.261 |   1.080 | 
     | FE_OFC861_FE_DBTN0_rst          | A v -> Y ^ | CLKINVX6 | 0.360 |   1.440 | 
     | FE_OFC865_FE_DBTN0_rst          | A ^ -> Y v | CLKINVX2 | 0.215 |   1.655 | 
     | FE_OFC704_FE_DBTN0_rst          | A v -> Y ^ | CLKINVX6 | 0.290 |   1.946 | 
     | FE_OFC920_FE_OFN16_FE_DBTN0_rst | A ^ -> Y ^ | CLKBUFX6 | 0.352 |   2.298 | 
     | FE_OFC921_FE_OFN16_FE_DBTN0_rst | A ^ -> Y ^ | CLKBUFX8 | 0.386 |   2.684 | 
     | P14/outp_east_reg[6]            | RN ^       | DFFRHQX1 | 0.008 |   2.692 | 
     +---------------------------------------------------------------------------+ 
Path 9:Endpoint:   P14/outp_east_reg[15]/RN (^)
Beginpoint: rst                      (v) (unconstrained input)
Arrival Time                    2.692
Analysis View: max_worst
     + Input Delay                        0.000
     = Beginpoint Arrival Time            0.000
     +---------------------------------------------------------------------------+ 
     |            Instance             |    Arc     |   Cell   | Delay | Arrival | 
     |                                 |            |          |       |  Time   | 
     |---------------------------------+------------+----------+-------+---------| 
     |                                 | rst v      |          |       |   0.000 | 
     | FE_DBTC0_rst                    | A v -> Y ^ | CLKINVX8 | 0.225 |   0.225 | 
     | FE_OFC878_FE_DBTN0_rst          | A ^ -> Y v | CLKINVX4 | 0.284 |   0.509 | 
     | FE_OFC2_FE_DBTN0_rst            | A v -> Y ^ | CLKINVX6 | 0.311 |   0.819 | 
     | FE_OFC858_FE_DBTN0_rst          | A ^ -> Y v | CLKINVX1 | 0.261 |   1.080 | 
     | FE_OFC861_FE_DBTN0_rst          | A v -> Y ^ | CLKINVX6 | 0.360 |   1.440 | 
     | FE_OFC865_FE_DBTN0_rst          | A ^ -> Y v | CLKINVX2 | 0.215 |   1.655 | 
     | FE_OFC704_FE_DBTN0_rst          | A v -> Y ^ | CLKINVX6 | 0.290 |   1.946 | 
     | FE_OFC920_FE_OFN16_FE_DBTN0_rst | A ^ -> Y ^ | CLKBUFX6 | 0.352 |   2.298 | 
     | FE_OFC921_FE_OFN16_FE_DBTN0_rst | A ^ -> Y ^ | CLKBUFX8 | 0.386 |   2.684 | 
     | P14/outp_east_reg[15]           | RN ^       | DFFRHQX1 | 0.008 |   2.692 | 
     +---------------------------------------------------------------------------+ 
Path 10:Endpoint:   P15/result_reg[1]/RN (^)
Beginpoint: rst                  (v) (unconstrained input)
Arrival Time                    2.692
Analysis View: max_worst
     + Input Delay                        0.000
     = Beginpoint Arrival Time            0.000
     +---------------------------------------------------------------------------+ 
     |            Instance             |    Arc     |   Cell   | Delay | Arrival | 
     |                                 |            |          |       |  Time   | 
     |---------------------------------+------------+----------+-------+---------| 
     |                                 | rst v      |          |       |   0.000 | 
     | FE_DBTC0_rst                    | A v -> Y ^ | CLKINVX8 | 0.225 |   0.225 | 
     | FE_OFC878_FE_DBTN0_rst          | A ^ -> Y v | CLKINVX4 | 0.284 |   0.509 | 
     | FE_OFC2_FE_DBTN0_rst            | A v -> Y ^ | CLKINVX6 | 0.311 |   0.819 | 
     | FE_OFC858_FE_DBTN0_rst          | A ^ -> Y v | CLKINVX1 | 0.261 |   1.080 | 
     | FE_OFC861_FE_DBTN0_rst          | A v -> Y ^ | CLKINVX6 | 0.360 |   1.440 | 
     | FE_OFC865_FE_DBTN0_rst          | A ^ -> Y v | CLKINVX2 | 0.215 |   1.655 | 
     | FE_OFC704_FE_DBTN0_rst          | A v -> Y ^ | CLKINVX6 | 0.290 |   1.946 | 
     | FE_OFC920_FE_OFN16_FE_DBTN0_rst | A ^ -> Y ^ | CLKBUFX6 | 0.352 |   2.298 | 
     | FE_OFC921_FE_OFN16_FE_DBTN0_rst | A ^ -> Y ^ | CLKBUFX8 | 0.386 |   2.684 | 
     | P15/result_reg[1]               | RN ^       | DFFRHQX1 | 0.008 |   2.692 | 
     +---------------------------------------------------------------------------+ 
Path 11:Endpoint:   P15/result_reg[0]/RN (^)
Beginpoint: rst                  (v) (unconstrained input)
Arrival Time                    2.692
Analysis View: max_worst
     + Input Delay                        0.000
     = Beginpoint Arrival Time            0.000
     +---------------------------------------------------------------------------+ 
     |            Instance             |    Arc     |   Cell   | Delay | Arrival | 
     |                                 |            |          |       |  Time   | 
     |---------------------------------+------------+----------+-------+---------| 
     |                                 | rst v      |          |       |   0.000 | 
     | FE_DBTC0_rst                    | A v -> Y ^ | CLKINVX8 | 0.225 |   0.225 | 
     | FE_OFC878_FE_DBTN0_rst          | A ^ -> Y v | CLKINVX4 | 0.284 |   0.509 | 
     | FE_OFC2_FE_DBTN0_rst            | A v -> Y ^ | CLKINVX6 | 0.311 |   0.819 | 
     | FE_OFC858_FE_DBTN0_rst          | A ^ -> Y v | CLKINVX1 | 0.261 |   1.080 | 
     | FE_OFC861_FE_DBTN0_rst          | A v -> Y ^ | CLKINVX6 | 0.360 |   1.440 | 
     | FE_OFC865_FE_DBTN0_rst          | A ^ -> Y v | CLKINVX2 | 0.215 |   1.655 | 
     | FE_OFC704_FE_DBTN0_rst          | A v -> Y ^ | CLKINVX6 | 0.290 |   1.946 | 
     | FE_OFC920_FE_OFN16_FE_DBTN0_rst | A ^ -> Y ^ | CLKBUFX6 | 0.352 |   2.298 | 
     | FE_OFC921_FE_OFN16_FE_DBTN0_rst | A ^ -> Y ^ | CLKBUFX8 | 0.386 |   2.684 | 
     | P15/result_reg[0]               | RN ^       | DFFRHQX1 | 0.008 |   2.692 | 
     +---------------------------------------------------------------------------+ 
Path 12:Endpoint:   P14/outp_east_reg[13]/RN (^)
Beginpoint: rst                      (v) (unconstrained input)
Arrival Time                    2.692
Analysis View: max_worst
     + Input Delay                        0.000
     = Beginpoint Arrival Time            0.000
     +---------------------------------------------------------------------------+ 
     |            Instance             |    Arc     |   Cell   | Delay | Arrival | 
     |                                 |            |          |       |  Time   | 
     |---------------------------------+------------+----------+-------+---------| 
     |                                 | rst v      |          |       |   0.000 | 
     | FE_DBTC0_rst                    | A v -> Y ^ | CLKINVX8 | 0.225 |   0.225 | 
     | FE_OFC878_FE_DBTN0_rst          | A ^ -> Y v | CLKINVX4 | 0.284 |   0.509 | 
     | FE_OFC2_FE_DBTN0_rst            | A v -> Y ^ | CLKINVX6 | 0.311 |   0.819 | 
     | FE_OFC858_FE_DBTN0_rst          | A ^ -> Y v | CLKINVX1 | 0.261 |   1.080 | 
     | FE_OFC861_FE_DBTN0_rst          | A v -> Y ^ | CLKINVX6 | 0.360 |   1.440 | 
     | FE_OFC865_FE_DBTN0_rst          | A ^ -> Y v | CLKINVX2 | 0.215 |   1.655 | 
     | FE_OFC704_FE_DBTN0_rst          | A v -> Y ^ | CLKINVX6 | 0.290 |   1.946 | 
     | FE_OFC920_FE_OFN16_FE_DBTN0_rst | A ^ -> Y ^ | CLKBUFX6 | 0.352 |   2.298 | 
     | FE_OFC921_FE_OFN16_FE_DBTN0_rst | A ^ -> Y ^ | CLKBUFX8 | 0.386 |   2.684 | 
     | P14/outp_east_reg[13]           | RN ^       | DFFRHQX1 | 0.008 |   2.692 | 
     +---------------------------------------------------------------------------+ 
Path 13:Endpoint:   P14/outp_east_reg[12]/RN (^)
Beginpoint: rst                      (v) (unconstrained input)
Arrival Time                    2.692
Analysis View: max_worst
     + Input Delay                        0.000
     = Beginpoint Arrival Time            0.000
     +---------------------------------------------------------------------------+ 
     |            Instance             |    Arc     |   Cell   | Delay | Arrival | 
     |                                 |            |          |       |  Time   | 
     |---------------------------------+------------+----------+-------+---------| 
     |                                 | rst v      |          |       |   0.000 | 
     | FE_DBTC0_rst                    | A v -> Y ^ | CLKINVX8 | 0.225 |   0.225 | 
     | FE_OFC878_FE_DBTN0_rst          | A ^ -> Y v | CLKINVX4 | 0.284 |   0.509 | 
     | FE_OFC2_FE_DBTN0_rst            | A v -> Y ^ | CLKINVX6 | 0.311 |   0.819 | 
     | FE_OFC858_FE_DBTN0_rst          | A ^ -> Y v | CLKINVX1 | 0.261 |   1.080 | 
     | FE_OFC861_FE_DBTN0_rst          | A v -> Y ^ | CLKINVX6 | 0.360 |   1.440 | 
     | FE_OFC865_FE_DBTN0_rst          | A ^ -> Y v | CLKINVX2 | 0.215 |   1.655 | 
     | FE_OFC704_FE_DBTN0_rst          | A v -> Y ^ | CLKINVX6 | 0.290 |   1.946 | 
     | FE_OFC920_FE_OFN16_FE_DBTN0_rst | A ^ -> Y ^ | CLKBUFX6 | 0.352 |   2.298 | 
     | FE_OFC921_FE_OFN16_FE_DBTN0_rst | A ^ -> Y ^ | CLKBUFX8 | 0.386 |   2.684 | 
     | P14/outp_east_reg[12]           | RN ^       | DFFRHQX1 | 0.008 |   2.692 | 
     +---------------------------------------------------------------------------+ 
Path 14:Endpoint:   P14/outp_east_reg[11]/RN (^)
Beginpoint: rst                      (v) (unconstrained input)
Arrival Time                    2.692
Analysis View: max_worst
     + Input Delay                        0.000
     = Beginpoint Arrival Time            0.000
     +---------------------------------------------------------------------------+ 
     |            Instance             |    Arc     |   Cell   | Delay | Arrival | 
     |                                 |            |          |       |  Time   | 
     |---------------------------------+------------+----------+-------+---------| 
     |                                 | rst v      |          |       |   0.000 | 
     | FE_DBTC0_rst                    | A v -> Y ^ | CLKINVX8 | 0.225 |   0.225 | 
     | FE_OFC878_FE_DBTN0_rst          | A ^ -> Y v | CLKINVX4 | 0.284 |   0.509 | 
     | FE_OFC2_FE_DBTN0_rst            | A v -> Y ^ | CLKINVX6 | 0.311 |   0.819 | 
     | FE_OFC858_FE_DBTN0_rst          | A ^ -> Y v | CLKINVX1 | 0.261 |   1.080 | 
     | FE_OFC861_FE_DBTN0_rst          | A v -> Y ^ | CLKINVX6 | 0.360 |   1.440 | 
     | FE_OFC865_FE_DBTN0_rst          | A ^ -> Y v | CLKINVX2 | 0.215 |   1.655 | 
     | FE_OFC704_FE_DBTN0_rst          | A v -> Y ^ | CLKINVX6 | 0.290 |   1.946 | 
     | FE_OFC920_FE_OFN16_FE_DBTN0_rst | A ^ -> Y ^ | CLKBUFX6 | 0.352 |   2.298 | 
     | FE_OFC921_FE_OFN16_FE_DBTN0_rst | A ^ -> Y ^ | CLKBUFX8 | 0.386 |   2.684 | 
     | P14/outp_east_reg[11]           | RN ^       | DFFRHQX1 | 0.008 |   2.692 | 
     +---------------------------------------------------------------------------+ 
Path 15:Endpoint:   P14/outp_east_reg[14]/RN (^)
Beginpoint: rst                      (v) (unconstrained input)
Arrival Time                    2.692
Analysis View: max_worst
     + Input Delay                        0.000
     = Beginpoint Arrival Time            0.000
     +---------------------------------------------------------------------------+ 
     |            Instance             |    Arc     |   Cell   | Delay | Arrival | 
     |                                 |            |          |       |  Time   | 
     |---------------------------------+------------+----------+-------+---------| 
     |                                 | rst v      |          |       |   0.000 | 
     | FE_DBTC0_rst                    | A v -> Y ^ | CLKINVX8 | 0.225 |   0.225 | 
     | FE_OFC878_FE_DBTN0_rst          | A ^ -> Y v | CLKINVX4 | 0.284 |   0.509 | 
     | FE_OFC2_FE_DBTN0_rst            | A v -> Y ^ | CLKINVX6 | 0.311 |   0.819 | 
     | FE_OFC858_FE_DBTN0_rst          | A ^ -> Y v | CLKINVX1 | 0.261 |   1.080 | 
     | FE_OFC861_FE_DBTN0_rst          | A v -> Y ^ | CLKINVX6 | 0.360 |   1.440 | 
     | FE_OFC865_FE_DBTN0_rst          | A ^ -> Y v | CLKINVX2 | 0.215 |   1.655 | 
     | FE_OFC704_FE_DBTN0_rst          | A v -> Y ^ | CLKINVX6 | 0.290 |   1.946 | 
     | FE_OFC920_FE_OFN16_FE_DBTN0_rst | A ^ -> Y ^ | CLKBUFX6 | 0.352 |   2.298 | 
     | FE_OFC921_FE_OFN16_FE_DBTN0_rst | A ^ -> Y ^ | CLKBUFX8 | 0.386 |   2.684 | 
     | P14/outp_east_reg[14]           | RN ^       | DFFRHQX1 | 0.008 |   2.692 | 
     +---------------------------------------------------------------------------+ 
Path 16:Endpoint:   P14/outp_east_reg[10]/RN (^)
Beginpoint: rst                      (v) (unconstrained input)
Arrival Time                    2.692
Analysis View: max_worst
     + Input Delay                        0.000
     = Beginpoint Arrival Time            0.000
     +---------------------------------------------------------------------------+ 
     |            Instance             |    Arc     |   Cell   | Delay | Arrival | 
     |                                 |            |          |       |  Time   | 
     |---------------------------------+------------+----------+-------+---------| 
     |                                 | rst v      |          |       |   0.000 | 
     | FE_DBTC0_rst                    | A v -> Y ^ | CLKINVX8 | 0.225 |   0.225 | 
     | FE_OFC878_FE_DBTN0_rst          | A ^ -> Y v | CLKINVX4 | 0.284 |   0.509 | 
     | FE_OFC2_FE_DBTN0_rst            | A v -> Y ^ | CLKINVX6 | 0.311 |   0.819 | 
     | FE_OFC858_FE_DBTN0_rst          | A ^ -> Y v | CLKINVX1 | 0.261 |   1.080 | 
     | FE_OFC861_FE_DBTN0_rst          | A v -> Y ^ | CLKINVX6 | 0.360 |   1.440 | 
     | FE_OFC865_FE_DBTN0_rst          | A ^ -> Y v | CLKINVX2 | 0.215 |   1.655 | 
     | FE_OFC704_FE_DBTN0_rst          | A v -> Y ^ | CLKINVX6 | 0.290 |   1.946 | 
     | FE_OFC920_FE_OFN16_FE_DBTN0_rst | A ^ -> Y ^ | CLKBUFX6 | 0.352 |   2.298 | 
     | FE_OFC921_FE_OFN16_FE_DBTN0_rst | A ^ -> Y ^ | CLKBUFX8 | 0.386 |   2.684 | 
     | P14/outp_east_reg[10]           | RN ^       | DFFRHQX1 | 0.008 |   2.692 | 
     +---------------------------------------------------------------------------+ 
Path 17:Endpoint:   P14/outp_east_reg[8]/RN (^)
Beginpoint: rst                     (v) (unconstrained input)
Arrival Time                    2.692
Analysis View: max_worst
     + Input Delay                        0.000
     = Beginpoint Arrival Time            0.000
     +---------------------------------------------------------------------------+ 
     |            Instance             |    Arc     |   Cell   | Delay | Arrival | 
     |                                 |            |          |       |  Time   | 
     |---------------------------------+------------+----------+-------+---------| 
     |                                 | rst v      |          |       |   0.000 | 
     | FE_DBTC0_rst                    | A v -> Y ^ | CLKINVX8 | 0.225 |   0.225 | 
     | FE_OFC878_FE_DBTN0_rst          | A ^ -> Y v | CLKINVX4 | 0.284 |   0.509 | 
     | FE_OFC2_FE_DBTN0_rst            | A v -> Y ^ | CLKINVX6 | 0.311 |   0.819 | 
     | FE_OFC858_FE_DBTN0_rst          | A ^ -> Y v | CLKINVX1 | 0.261 |   1.080 | 
     | FE_OFC861_FE_DBTN0_rst          | A v -> Y ^ | CLKINVX6 | 0.360 |   1.440 | 
     | FE_OFC865_FE_DBTN0_rst          | A ^ -> Y v | CLKINVX2 | 0.215 |   1.655 | 
     | FE_OFC704_FE_DBTN0_rst          | A v -> Y ^ | CLKINVX6 | 0.290 |   1.946 | 
     | FE_OFC920_FE_OFN16_FE_DBTN0_rst | A ^ -> Y ^ | CLKBUFX6 | 0.352 |   2.298 | 
     | FE_OFC921_FE_OFN16_FE_DBTN0_rst | A ^ -> Y ^ | CLKBUFX8 | 0.386 |   2.684 | 
     | P14/outp_east_reg[8]            | RN ^       | DFFRHQX1 | 0.008 |   2.692 | 
     +---------------------------------------------------------------------------+ 
Path 18:Endpoint:   P14/outp_east_reg[7]/RN (^)
Beginpoint: rst                     (v) (unconstrained input)
Arrival Time                    2.692
Analysis View: max_worst
     + Input Delay                        0.000
     = Beginpoint Arrival Time            0.000
     +---------------------------------------------------------------------------+ 
     |            Instance             |    Arc     |   Cell   | Delay | Arrival | 
     |                                 |            |          |       |  Time   | 
     |---------------------------------+------------+----------+-------+---------| 
     |                                 | rst v      |          |       |   0.000 | 
     | FE_DBTC0_rst                    | A v -> Y ^ | CLKINVX8 | 0.225 |   0.225 | 
     | FE_OFC878_FE_DBTN0_rst          | A ^ -> Y v | CLKINVX4 | 0.284 |   0.509 | 
     | FE_OFC2_FE_DBTN0_rst            | A v -> Y ^ | CLKINVX6 | 0.311 |   0.819 | 
     | FE_OFC858_FE_DBTN0_rst          | A ^ -> Y v | CLKINVX1 | 0.261 |   1.080 | 
     | FE_OFC861_FE_DBTN0_rst          | A v -> Y ^ | CLKINVX6 | 0.360 |   1.440 | 
     | FE_OFC865_FE_DBTN0_rst          | A ^ -> Y v | CLKINVX2 | 0.215 |   1.655 | 
     | FE_OFC704_FE_DBTN0_rst          | A v -> Y ^ | CLKINVX6 | 0.290 |   1.946 | 
     | FE_OFC920_FE_OFN16_FE_DBTN0_rst | A ^ -> Y ^ | CLKBUFX6 | 0.352 |   2.298 | 
     | FE_OFC921_FE_OFN16_FE_DBTN0_rst | A ^ -> Y ^ | CLKBUFX8 | 0.386 |   2.684 | 
     | P14/outp_east_reg[7]            | RN ^       | DFFRHQX1 | 0.008 |   2.692 | 
     +---------------------------------------------------------------------------+ 
Path 19:Endpoint:   P14/outp_east_reg[9]/RN (^)
Beginpoint: rst                     (v) (unconstrained input)
Arrival Time                    2.692
Analysis View: max_worst
     + Input Delay                        0.000
     = Beginpoint Arrival Time            0.000
     +---------------------------------------------------------------------------+ 
     |            Instance             |    Arc     |   Cell   | Delay | Arrival | 
     |                                 |            |          |       |  Time   | 
     |---------------------------------+------------+----------+-------+---------| 
     |                                 | rst v      |          |       |   0.000 | 
     | FE_DBTC0_rst                    | A v -> Y ^ | CLKINVX8 | 0.225 |   0.225 | 
     | FE_OFC878_FE_DBTN0_rst          | A ^ -> Y v | CLKINVX4 | 0.284 |   0.509 | 
     | FE_OFC2_FE_DBTN0_rst            | A v -> Y ^ | CLKINVX6 | 0.311 |   0.819 | 
     | FE_OFC858_FE_DBTN0_rst          | A ^ -> Y v | CLKINVX1 | 0.261 |   1.080 | 
     | FE_OFC861_FE_DBTN0_rst          | A v -> Y ^ | CLKINVX6 | 0.360 |   1.440 | 
     | FE_OFC865_FE_DBTN0_rst          | A ^ -> Y v | CLKINVX2 | 0.215 |   1.655 | 
     | FE_OFC704_FE_DBTN0_rst          | A v -> Y ^ | CLKINVX6 | 0.290 |   1.946 | 
     | FE_OFC920_FE_OFN16_FE_DBTN0_rst | A ^ -> Y ^ | CLKBUFX6 | 0.352 |   2.298 | 
     | FE_OFC921_FE_OFN16_FE_DBTN0_rst | A ^ -> Y ^ | CLKBUFX8 | 0.386 |   2.684 | 
     | P14/outp_east_reg[9]            | RN ^       | DFFRHQX1 | 0.008 |   2.692 | 
     +---------------------------------------------------------------------------+ 
Path 20:Endpoint:   P14/result_reg[31]/RN (^)
Beginpoint: rst                   (v) (unconstrained input)
Arrival Time                    2.691
Analysis View: max_worst
     + Input Delay                        0.000
     = Beginpoint Arrival Time            0.000
     +---------------------------------------------------------------------------+ 
     |            Instance             |    Arc     |   Cell   | Delay | Arrival | 
     |                                 |            |          |       |  Time   | 
     |---------------------------------+------------+----------+-------+---------| 
     |                                 | rst v      |          |       |   0.000 | 
     | FE_DBTC0_rst                    | A v -> Y ^ | CLKINVX8 | 0.225 |   0.225 | 
     | FE_OFC878_FE_DBTN0_rst          | A ^ -> Y v | CLKINVX4 | 0.284 |   0.509 | 
     | FE_OFC2_FE_DBTN0_rst            | A v -> Y ^ | CLKINVX6 | 0.311 |   0.819 | 
     | FE_OFC858_FE_DBTN0_rst          | A ^ -> Y v | CLKINVX1 | 0.261 |   1.080 | 
     | FE_OFC861_FE_DBTN0_rst          | A v -> Y ^ | CLKINVX6 | 0.360 |   1.440 | 
     | FE_OFC865_FE_DBTN0_rst          | A ^ -> Y v | CLKINVX2 | 0.215 |   1.655 | 
     | FE_OFC704_FE_DBTN0_rst          | A v -> Y ^ | CLKINVX6 | 0.290 |   1.946 | 
     | FE_OFC920_FE_OFN16_FE_DBTN0_rst | A ^ -> Y ^ | CLKBUFX6 | 0.352 |   2.298 | 
     | FE_OFC921_FE_OFN16_FE_DBTN0_rst | A ^ -> Y ^ | CLKBUFX8 | 0.386 |   2.684 | 
     | P14/result_reg[31]              | RN ^       | DFFRHQX1 | 0.007 |   2.691 | 
     +---------------------------------------------------------------------------+ 

