============================================================
  Generated by:           Genus(TM) Synthesis Solution 20.11-s111_1
  Generated on:           Apr 17 2026  11:17:30 pm
  Module:                 systolic_array
  Operating conditions:   slow (balanced_tree)
  Wireload mode:          enclosed
  Area mode:              timing library
============================================================

Timing
--------

Clock  Period 
--------------
clk   13330.0 


  Cost    Critical         Violating 
 Group   Path Slack  TNS     Paths   
-------------------------------------
C2C          2393.3   0.0          0 
C2O         10335.5   0.0          0 
clk        No paths   0.0            
default    No paths   0.0            
I2C          9118.8   0.0          0 
I2O        No paths   0.0            
-------------------------------------
Total                 0.0          0 

Instance Count
--------------
Leaf Instance Count             12309 
Physical Instance count             0 
Sequential Instance Count        1910 
Combinational Instance Count    10399 
Hierarchical Instance Count        18 

Area
----
Cell Area                          128476.203
Physical Cell Area                 0.000
Total Cell Area (Cell+Physical)    128476.203
Net Area                           0.000
Total Area (Cell+Physical+Net)     128476.203

Runtime                            31.78973 seconds
Elapsed Runtime                    248 seconds
Genus peak memory usage            1396.16 
Innovus peak memory usage          no_value 
Hostname                           localhost
