============================================================
  Generated by:           Genus(TM) Synthesis Solution 20.11-s111_1
  Generated on:           Apr 17 2026  11:16:13 pm
  Module:                 systolic_array
  Operating conditions:   slow (balanced_tree)
  Wireload mode:          enclosed
  Area mode:              timing library
============================================================

Timing
--------

Clock  Period 
--------------
clk   13330.0 


  Cost    Critical         Violating 
 Group   Path Slack  TNS     Paths   
-------------------------------------
C2C          8777.3   0.0          0 
C2O         10421.6   0.0          0 
clk        No paths   0.0            
default    No paths   0.0            
I2C          9784.1   0.0          0 
I2O        No paths   0.0            
-------------------------------------
Total                 0.0          0 

Instance Count
--------------
Leaf Instance Count             44887 
Physical Instance count             0 
Sequential Instance Count        1910 
Combinational Instance Count    42977 
Hierarchical Instance Count        34 

Area
----
Cell Area                          378854.132
Physical Cell Area                 0.000
Total Cell Area (Cell+Physical)    378854.132
Net Area                           0.000
Total Area (Cell+Physical+Net)     378854.132

Runtime                            10.46488 seconds
Elapsed Runtime                    172 seconds
Genus peak memory usage            1371.04 
Innovus peak memory usage          no_value 
Hostname                           localhost
