============================================================
  Generated by:           Genus(TM) Synthesis Solution 20.11-s111_1
  Generated on:           Apr 17 2026  11:16:13 pm
  Module:                 systolic_array
  Operating conditions:   slow (balanced_tree)
  Wireload mode:          enclosed
  Area mode:              timing library
============================================================

           Instance                             Module                    Cell Count  Cell Area  Net Area   Total Area   Wireload  
-----------------------------------------------------------------------------------------------------------------------------------
systolic_array                                                                 44887 378854.132     0.000   378854.132 <none> (D)  
  A_SRAM                      asic_sram_macro_DATA_W16_ADDR_W4_1                 848  11657.402     0.000    11657.402 <none> (D)  
  P1                          block_DATA_W16_ACC_W32_SIGNED_ARITH0              2381  19076.790     0.000    19076.790 <none> (D)  
    mul_23_62                 mult_unsigned_15                                  2333  17795.086     0.000    17795.086 <none> (D)  
  P2                          block_DATA_W16_ACC_W32_SIGNED_ARITH0_75           2381  19076.790     0.000    19076.790 <none> (D)  
    mul_23_62                 mult_unsigned_15                                  2333  17795.086     0.000    17795.086 <none> (D)  
  P3                          block_DATA_W16_ACC_W32_SIGNED_ARITH0_74           2381  19076.790     0.000    19076.790 <none> (D)  
    mul_23_62                 mult_unsigned_15                                  2333  17795.086     0.000    17795.086 <none> (D)  
  P4                          block_DATA_W16_ACC_W32_SIGNED_ARITH0_73           2381  19076.790     0.000    19076.790 <none> (D)  
    mul_23_62                 mult_unsigned_15                                  2333  17795.086     0.000    17795.086 <none> (D)  
  P5                          block_DATA_W16_ACC_W32_SIGNED_ARITH0_15_76        2695  21476.170     0.000    21476.170 <none> (D)  
    csa_tree_add_33_32_groupi csa_tree_add_33_32_group_2                        2647  20194.466     0.000    20194.466 <none> (D)  
  P6                          block_DATA_W16_ACC_W32_SIGNED_ARITH0_15_77        2695  21476.170     0.000    21476.170 <none> (D)  
    csa_tree_add_33_32_groupi csa_tree_add_33_32_group_2                        2647  20194.466     0.000    20194.466 <none> (D)  
  P7                          block_DATA_W16_ACC_W32_SIGNED_ARITH0_15_78        2695  21476.170     0.000    21476.170 <none> (D)  
    csa_tree_add_33_32_groupi csa_tree_add_33_32_group_2                        2647  20194.466     0.000    20194.466 <none> (D)  
  P8                          block_DATA_W16_ACC_W32_SIGNED_ARITH0_15_79        2695  21476.170     0.000    21476.170 <none> (D)  
    csa_tree_add_33_32_groupi csa_tree_add_33_32_group_2                        2647  20194.466     0.000    20194.466 <none> (D)  
  P9                          block_DATA_W16_ACC_W32_SIGNED_ARITH0_15_80        2695  21476.170     0.000    21476.170 <none> (D)  
    csa_tree_add_33_32_groupi csa_tree_add_33_32_group_2                        2647  20194.466     0.000    20194.466 <none> (D)  
  P10                         block_DATA_W16_ACC_W32_SIGNED_ARITH0_15_81        2695  21476.170     0.000    21476.170 <none> (D)  
    csa_tree_add_33_32_groupi csa_tree_add_33_32_group_2                        2647  20194.466     0.000    20194.466 <none> (D)  
  P11                         block_DATA_W16_ACC_W32_SIGNED_ARITH0_15_82        2695  21476.170     0.000    21476.170 <none> (D)  
    csa_tree_add_33_32_groupi csa_tree_add_33_32_group_2                        2647  20194.466     0.000    20194.466 <none> (D)  
  P12                         block_DATA_W16_ACC_W32_SIGNED_ARITH0_15_83        2695  21476.170     0.000    21476.170 <none> (D)  
    csa_tree_add_33_32_groupi csa_tree_add_33_32_group_2                        2647  20194.466     0.000    20194.466 <none> (D)  
  P13                         block_DATA_W16_ACC_W32_SIGNED_ARITH0_15_84        2695  21476.170     0.000    21476.170 <none> (D)  
    csa_tree_add_33_32_groupi csa_tree_add_33_32_group_2                        2647  20194.466     0.000    20194.466 <none> (D)  
  P14                         block_DATA_W16_ACC_W32_SIGNED_ARITH0_15_85        2695  21476.170     0.000    21476.170 <none> (D)  
    csa_tree_add_33_32_groupi csa_tree_add_33_32_group_2                        2647  20194.466     0.000    20194.466 <none> (D)  
  P15                         block_DATA_W16_ACC_W32_SIGNED_ARITH0_15_86        2695  21476.170     0.000    21476.170 <none> (D)  
    csa_tree_add_33_32_groupi csa_tree_add_33_32_group_2                        2647  20194.466     0.000    20194.466 <none> (D)  
  P16                         block_DATA_W16_ACC_W32_SIGNED_ARITH0_15           2695  21476.170     0.000    21476.170 <none> (D)  
    csa_tree_add_33_32_groupi csa_tree_add_33_32_group_2                        2647  20194.466     0.000    20194.466 <none> (D)  
  W_SRAM                      asic_sram_macro_DATA_W16_ADDR_W4                   848  11657.402     0.000    11657.402 <none> (D)  
  (D) = wireload is default in technology library
