============================================================
  Generated by:           Genus(TM) Synthesis Solution 20.11-s111_1
  Generated on:           Apr 17 2026  11:17:08 pm
  Module:                 systolic_array
  Operating conditions:   slow (balanced_tree)
  Wireload mode:          enclosed
  Area mode:              timing library
============================================================

                                   Leakage   
   Gate    Instances     Area     Power (nW) Library 
-----------------------------------------------------
ADDFXL          2084   41011.868  139713.444    slow 
ADDHXL            12     145.325    1043.544    slow 
AND2X1             2       9.083      54.342    slow 
AND2X2            37     196.037    1397.668    slow 
AND2XL            11      49.955     271.296    slow 
AND3X4             2      18.166     140.712    slow 
AND3XL             1       6.055      25.332    slow 
AOI211X1           1       5.298      19.945    slow 
AOI211XL           2      10.597      26.764    slow 
AOI21XL          791    3592.247    9650.991    slow 
AOI221XL          64     484.416     824.512    slow 
AOI222XL         320    2664.288    4161.440    slow 
AOI22X1           64     387.533    1172.973    slow 
AOI22XL          353    2137.486    4338.123    slow 
AOI32XL            2      13.624      24.555    slow 
CLKINVX1          85     193.010    1106.267    slow 
CLKINVX2          10      37.845     259.879    slow 
CLKINVX6           8      54.497     602.082    slow 
DFFQXL            32     508.637    2948.659    slow 
DFFRHQX1        1063   21723.787  106780.479    slow 
DFFRHQX2         269    5700.971   32753.710    slow 
DFFRHQX4          33     849.242    5448.960    slow 
DFFSHQX2           1      21.950     132.341    slow 
EDFFHQX1         512   10850.918   82063.359    slow 
INVXL            915    2077.691    8012.591    slow 
MX2XL           1294    9794.286   64541.873    slow 
MXI2XL          1608    9736.762   43477.263    slow 
NAND2BX1          41     186.197    1434.459    slow 
NAND2BXL          18      81.745     517.923    slow 
NAND2X1           50     189.225     701.300    slow 
NAND2XL          236     714.514    2192.294    slow 
NAND4X1            1       6.055      16.116    slow 
NAND4XL           96     508.637    1004.074    slow 
NOR2BX1          126     572.216    2524.776    slow 
NOR2BXL          177     803.828    2942.537    slow 
NOR2X1            75     283.837    1361.850    slow 
NOR2X4             1       9.840      72.138    slow 
NOR2XL            82     248.263    1013.372    slow 
NOR3XL             1       4.541      13.608    slow 
NOR4XL            64     387.533     892.730    slow 
OAI211XL           2      10.597      18.671    slow 
OAI21X1           16      72.662     207.762    slow 
OAI21XL          371    1684.859    3238.210    slow 
OAI221XL         124     938.556    1084.041    slow 
OAI222XL         932    7759.739   11406.096    slow 
OAI22XL          316    1913.443    3807.610    slow 
OAI2BB1XL          3      15.895      57.610    slow 
OAI31XL            1       6.055       9.525    slow 
OAI32XL            5      34.060      60.807    slow 
OR2X2             11      58.281     611.680    slow 
OR4X2              1       8.326      84.397    slow 
-----------------------------------------------------
total          12326  128780.477  546266.690         


                                             Leakage  Leakage 
     Type      Instances    Area    Area % Power (nW) Power % 
--------------------------------------------------------------
sequential          1910  39655.504   30.8 230127.508    42.1 
inverter            1018   2363.042    1.8   9980.819     1.8 
logic               9398  86761.931   67.4 306158.363    56.0 
physical_cells         0      0.000    0.0      0.000     0.0 
--------------------------------------------------------------
total              12326 128780.477  100.0 546266.690   100.0 

