============================================================
  Generated by:           Genus(TM) Synthesis Solution 20.11-s111_1
  Generated on:           Apr 17 2026  11:17:29 pm
  Module:                 systolic_array
  Operating conditions:   slow (balanced_tree)
  Wireload mode:          enclosed
  Area mode:              timing library
============================================================

                                   Leakage     Internal   
   Gate    Instances     Area     Power (nW)  Power (nW)  Library 
------------------------------------------------------------------
ADDFXL          2084   41011.868  139713.444  1093932.578    slow 
ADDHXL            12     145.325    1043.544     4457.528    slow 
AND2X1             2       9.083      54.342       21.664    slow 
AND2X2            37     196.037    1397.668     1829.728    slow 
AND2XL            11      49.955     271.296      296.263    slow 
AND3X4             2      18.166     140.712      208.749    slow 
AND3XL             1       6.055      25.332       10.742    slow 
AOI211X1           1       5.298      19.945      322.599    slow 
AOI211XL           2      10.597      26.764      448.471    slow 
AOI21XL          790    3587.706    9638.790    78874.161    slow 
AOI221XL          65     491.985     837.395     7734.738    slow 
AOI222XL         320    2664.288    4161.440    29833.198    slow 
AOI22X1           64     387.533    1172.973     3919.803    slow 
AOI22XL          353    2137.486    4338.123    15116.791    slow 
AOI32XL            2      13.624      24.555      114.044    slow 
CLKINVX1          85     193.010    1106.267     2247.934    slow 
CLKINVX2           4      15.138     103.952      190.578    slow 
CLKINVX3           1       4.541      38.982      183.257    slow 
DFFQXL            32     508.637    2948.659    46768.671    slow 
DFFRHQX1        1224   25014.031  122953.252  2204148.291    slow 
DFFRHQX2         141    2988.241   17168.301   342614.255    slow 
DFFSHQX2           1      21.950     132.341     1942.987    slow 
EDFFHQX1         512   10850.918   82063.359   617741.498    slow 
INVX16             4      66.607     376.692     6307.878    slow 
INVXL            912    2070.878    7986.320    40848.781    slow 
MX2XL           1293    9786.717   64491.995   185578.691    slow 
MXI2XL          1609    9742.817   43504.301   143763.030    slow 
NAND2BX1          41     186.197    1434.459     1767.605    slow 
NAND2BXL          18      81.745     517.923      628.061    slow 
NAND2X1           50     189.225     701.300     1510.871    slow 
NAND2XL          232     702.403    2155.136     8302.243    slow 
NAND4X1            1       6.055      16.116       98.944    slow 
NAND4XL           96     508.637    1004.074     2755.026    slow 
NOR2BX1          126     572.216    2524.776     6047.249    slow 
NOR2BXL          178     808.369    2959.161     8072.584    slow 
NOR2X1            74     280.053    1343.692     4751.006    slow 
NOR2X4             1       9.840      72.138       15.603    slow 
NOR2XL            83     251.291    1025.731     4733.284    slow 
NOR3XL             1       4.541      13.608       53.299    slow 
NOR4XL            64     387.533     892.730     2709.201    slow 
OAI211XL           1       5.298       9.336       29.264    slow 
OAI21X1           16      72.662     207.762      768.055    slow 
OAI21XL          369    1675.777    3220.754    23714.198    slow 
OAI221XL         124     938.556    1084.041     8923.888    slow 
OAI222XL         932    7759.739   11406.096    82106.499    slow 
OAI22XL          321    1943.719    3867.857    21940.321    slow 
OAI2BB1XL          4      21.193      76.813      354.063    slow 
OAI31XL            1       6.055       9.525       54.127    slow 
OR2X2             11      58.281     611.680      325.236    slow 
OR4X2              1       8.326      84.397       66.622    slow 
------------------------------------------------------------------
total          12309  128476.203  540979.848  5009184.155         


                                             Leakage  Leakage   Internal  Internal 
     Type      Instances    Area    Area % Power (nW) Power %  Power (nW)  Power % 
-----------------------------------------------------------------------------------
sequential          1910  39383.777   30.7 225265.913    41.6 3213215.700     64.1 
inverter            1006   2350.175    1.8   9612.213     1.8   49778.428      1.0 
logic               9393  86742.252   67.5 306101.723    56.6 1746190.027     34.9 
physical_cells         0      0.000    0.0      0.000     0.0       0.000      0.0 
-----------------------------------------------------------------------------------
total              12309 128476.203  100.0 540979.848   100.0 5009184.155    100.0 

