============================================================
  Generated by:           Genus(TM) Synthesis Solution 20.11-s111_1
  Generated on:           Apr 17 2026  11:17:28 pm
  Module:                 systolic_array
  Operating conditions:   slow (balanced_tree)
  Wireload mode:          enclosed
  Area mode:              timing library
============================================================


Path 1: MET (10336 ps) Late External Delay Assertion at pin Re4[0]
          Group: C2O
     Startpoint: (R) P16/result_reg[0]/CK
          Clock: (R) clk
       Endpoint: (R) Re4[0]
          Clock: (R) clk

                     Capture       Launch     
        Clock Edge:+   13330            0     
       Src Latency:+       0            0     
       Net Latency:+       0 (I)        0 (I) 
           Arrival:=   13330            0     
                                              
      Output Delay:-    2000                  
       Uncertainty:-     300                  
     Required Time:=   11030                  
      Launch Clock:-       0                  
         Data Path:-     694                  
             Slack:=   10336                  

Exceptions/Constraints:
  output_delay             2000            systolic.sdc_line_45_159_1 

#----------------------------------------------------------------------------------------------
#    Timing Point      Flags   Arc   Edge   Cell     Fanout  Load Trans Delay Arrival Instance 
#                                                            (fF)  (ps)  (ps)   (ps)  Location 
#----------------------------------------------------------------------------------------------
  P16/result_reg[0]/CK -       -     R     (arrival)   1910     -   200     0       0    (-,-) 
  P16/result_reg[0]/Q  -       CK->Q R     DFFRHQX2       2 101.7   438   694     694    (-,-) 
  Re4[0]               -       -     R     (port)         -     -     -     0     694    (-,-) 
#----------------------------------------------------------------------------------------------

