============================================================
  Generated by:           Genus(TM) Synthesis Solution 20.11-s111_1
  Generated on:           Apr 17 2026  11:17:29 pm
  Module:                 systolic_array
  Operating conditions:   slow (balanced_tree)
  Wireload mode:          enclosed
  Area mode:              timing library
============================================================

   Instance                      Module                    Cell Count  Cell Area  Net Area   Total Area   Wireload  
--------------------------------------------------------------------------------------------------------------------
systolic_array                                                  12309 128476.203     0.000   128476.203 <none> (D)  
  A_SRAM       asic_sram_macro_DATA_W16_ADDR_W4_1                 503   6946.071     0.000     6946.071 <none> (D)  
  P1           block_DATA_W16_ACC_W32_SIGNED_ARITH0               620   5697.943     0.000     5697.943 <none> (D)  
  P2           block_DATA_W16_ACC_W32_SIGNED_ARITH0_75            620   5697.943     0.000     5697.943 <none> (D)  
  P3           block_DATA_W16_ACC_W32_SIGNED_ARITH0_74            620   5697.943     0.000     5697.943 <none> (D)  
  P4           block_DATA_W16_ACC_W32_SIGNED_ARITH0_73            620   5697.186     0.000     5697.186 <none> (D)  
  P5           block_DATA_W16_ACC_W32_SIGNED_ARITH0_15_76         613   6144.514     0.000     6144.514 <none> (D)  
  P6           block_DATA_W16_ACC_W32_SIGNED_ARITH0_15_77         613   6144.514     0.000     6144.514 <none> (D)  
  P7           block_DATA_W16_ACC_W32_SIGNED_ARITH0_15_78         613   6144.514     0.000     6144.514 <none> (D)  
  P8           block_DATA_W16_ACC_W32_SIGNED_ARITH0_15_79         613   6143.757     0.000     6143.757 <none> (D)  
  P9           block_DATA_W16_ACC_W32_SIGNED_ARITH0_15_80         613   6144.514     0.000     6144.514 <none> (D)  
  P10          block_DATA_W16_ACC_W32_SIGNED_ARITH0_15_81         613   6144.514     0.000     6144.514 <none> (D)  
  P11          block_DATA_W16_ACC_W32_SIGNED_ARITH0_15_82         613   6144.514     0.000     6144.514 <none> (D)  
  P12          block_DATA_W16_ACC_W32_SIGNED_ARITH0_15_83         613   6143.757     0.000     6143.757 <none> (D)  
  P13          block_DATA_W16_ACC_W32_SIGNED_ARITH0_15_84         613   6168.735     0.000     6168.735 <none> (D)  
  P14          block_DATA_W16_ACC_W32_SIGNED_ARITH0_15_85         613   6168.735     0.000     6168.735 <none> (D)  
  P15          block_DATA_W16_ACC_W32_SIGNED_ARITH0_15_86         613   6168.735     0.000     6168.735 <none> (D)  
  P16          block_DATA_W16_ACC_W32_SIGNED_ARITH0_15            613   6167.978     0.000     6167.978 <none> (D)  
  W_SRAM       asic_sram_macro_DATA_W16_ADDR_W4                   503   6946.071     0.000     6946.071 <none> (D)  
  (D) = wireload is default in technology library
