  =================
   Message Summary
  =================
--------------------------------------------------------------------------------------------------------------------------------------------
|     Id     |  Sev   |Count |                                                Message Text                                                 |
--------------------------------------------------------------------------------------------------------------------------------------------
| POPT-507   |Info    |    1 |Leakage power optimization was enabled, but single Vth class seems to be used as leakage properties of the   |
|            |        |      | given libraries look too similar.                                                                           |
|            |        |      |The tool tries to classify the given libraries into different Vth classes. If the leakage properties of the  |
|            |        |      | given libraries are too similar then the tool considers all libraries to be of the same Vth class.          |
| RPT-16     |Info    |    2 |Joules engine is used.                                                                                       |
| RPT_DP-100 |Warning |    1 |The filename, column and line number information will not be available in the report.                        |
|            |        |      |You must set the 'hdl_track_filename_row_col' attribute to 'true' (before elaborate)                         |
|            |        |      | to enable filename, column, and line number tracking in the datapath report.                                |
| SYNTH-8    |Info    |    1 |Done incrementally optimizing.                                                                               |
--------------------------------------------------------------------------------------------------------------------------------------------
