============================================================
  Generated by:           Genus(TM) Synthesis Solution 20.11-s111_1
  Generated on:           Apr 17 2026  11:17:29 pm
  Module:                 systolic_array
  Operating conditions:   slow (balanced_tree)
  Wireload mode:          enclosed
  Area mode:              timing library
============================================================


Path 1: MET (2393 ps) Setup Check with Pin P16/result_reg[31]/CK->D
          Group: C2C
     Startpoint: (R) weight_reg_reg[15][2]/CK
          Clock: (R) clk
       Endpoint: (R) P16/result_reg[31]/D
          Clock: (R) clk

                     Capture       Launch     
        Clock Edge:+   13330            0     
       Src Latency:+       0            0     
       Net Latency:+       0 (I)        0 (I) 
           Arrival:=   13330            0     
                                              
             Setup:-     109                  
       Uncertainty:-     300                  
     Required Time:=   12921                  
      Launch Clock:-       0                  
         Data Path:-   10528                  
             Slack:=    2393                  

#--------------------------------------------------------------------------------------------------------------------
#               Timing Point                 Flags    Arc   Edge   Cell     Fanout Load Trans Delay Arrival Instance 
#                                                                                  (fF)  (ps)  (ps)   (ps)  Location 
#--------------------------------------------------------------------------------------------------------------------
  weight_reg_reg[15][2]/CK                   -       -      R     (arrival)   1910    -   200     0       0    (-,-) 
  weight_reg_reg[15][2]/Q                    -       CK->Q  R     DFFRHQX1      26 49.3   422   650     650    (-,-) 
  P16/csa_tree_add_33_32_groupi_g3965/Y      -       A->Y   F     CLKINVX1      23 45.5   368   344     994    (-,-) 
  P16/csa_tree_add_33_32_groupi_g3910/Y      -       A->Y   R     MXI2XL         2  5.6   242   247    1241    (-,-) 
  P16/csa_tree_add_33_32_groupi_g3891/Y      -       B->Y   F     NAND2X1       18 30.3   426   352    1593    (-,-) 
  P16/csa_tree_add_33_32_groupi_g3858/Y      -       A0->Y  R     AOI21XL        1  3.7   198   215    1808    (-,-) 
  P16/csa_tree_add_33_32_groupi_g3769/Y      -       S0->Y  F     MXI2XL         1  6.2   237   159    1966    (-,-) 
  P16/csa_tree_add_33_32_groupi_cdnfadd/CO   -       B->CO  F     ADDFXL         1  4.9   118   307    2274    (-,-) 
  P16/csa_tree_add_33_32_groupi_cdnfadd1/CO  -       CI->CO F     ADDFXL         1  4.9   118   259    2533    (-,-) 
  P16/csa_tree_add_33_32_groupi_cdnfadd2/CO  -       CI->CO F     ADDFXL         1  4.9   118   259    2791    (-,-) 
  P16/csa_tree_add_33_32_groupi_cdnfadd3/CO  -       CI->CO F     ADDFXL         1  4.9   118   259    3050    (-,-) 
  P16/csa_tree_add_33_32_groupi_cdnfadd4/CO  -       CI->CO F     ADDFXL         1  4.9   118   259    3309    (-,-) 
  P16/csa_tree_add_33_32_groupi_cdnfadd5/CO  -       CI->CO F     ADDFXL         1  4.9   118   259    3568    (-,-) 
  P16/csa_tree_add_33_32_groupi_cdnfadd6/CO  -       CI->CO F     ADDFXL         1  4.9   118   259    3827    (-,-) 
  P16/csa_tree_add_33_32_groupi_cdnfadd7/CO  -       CI->CO F     ADDFXL         1  4.9   116   259    4085    (-,-) 
  P16/csa_tree_add_33_32_groupi_cdnfadd8/CO  -       CI->CO F     ADDFXL         1  4.9   116   258    4344    (-,-) 
  P16/csa_tree_add_33_32_groupi_cdnfadd9/CO  -       CI->CO F     ADDFXL         1  4.9   116   258    4602    (-,-) 
  P16/csa_tree_add_33_32_groupi_cdnfadd10/CO -       CI->CO F     ADDFXL         1  4.9   116   258    4861    (-,-) 
  P16/csa_tree_add_33_32_groupi_cdnfadd11/CO -       CI->CO F     ADDFXL         1  4.9   116   258    5119    (-,-) 
  P16/csa_tree_add_33_32_groupi_cdnfadd12/CO -       CI->CO F     ADDFXL         1  4.9   116   258    5377    (-,-) 
  P16/csa_tree_add_33_32_groupi_cdnfadd13/CO -       CI->CO F     ADDFXL         1  4.9   116   258    5636    (-,-) 
  P16/csa_tree_add_33_32_groupi_cdnfadd14/CO -       CI->CO F     ADDFXL         1  4.9   116   258    5894    (-,-) 
  P16/csa_tree_add_33_32_groupi_cdnfadd15/CO -       CI->CO F     ADDFXL         1  4.9   116   258    6153    (-,-) 
  P16/csa_tree_add_33_32_groupi_cdnfadd16/CO -       CI->CO F     ADDFXL         1  4.9   116   258    6411    (-,-) 
  P16/csa_tree_add_33_32_groupi_cdnfadd17/CO -       CI->CO F     ADDFXL         1  4.9   116   258    6669    (-,-) 
  P16/csa_tree_add_33_32_groupi_cdnfadd18/CO -       CI->CO F     ADDFXL         1  4.9   116   258    6928    (-,-) 
  P16/csa_tree_add_33_32_groupi_cdnfadd19/CO -       CI->CO F     ADDFXL         1  4.9   116   258    7186    (-,-) 
  P16/csa_tree_add_33_32_groupi_cdnfadd20/CO -       CI->CO F     ADDFXL         1  4.9   116   258    7445    (-,-) 
  P16/csa_tree_add_33_32_groupi_cdnfadd21/CO -       CI->CO F     ADDFXL         1  4.9   116   258    7703    (-,-) 
  P16/csa_tree_add_33_32_groupi_cdnfadd22/CO -       CI->CO F     ADDFXL         1  4.9   116   258    7961    (-,-) 
  P16/csa_tree_add_33_32_groupi_cdnfadd23/CO -       CI->CO F     ADDFXL         1  4.9   116   258    8220    (-,-) 
  P16/csa_tree_add_33_32_groupi_cdnfadd24/CO -       CI->CO F     ADDFXL         1  4.9   116   258    8478    (-,-) 
  P16/csa_tree_add_33_32_groupi_cdnfadd25/CO -       CI->CO F     ADDFXL         1  4.9   116   258    8737    (-,-) 
  P16/csa_tree_add_33_32_groupi_cdnfadd26/CO -       CI->CO F     ADDFXL         1  4.9   116   258    8995    (-,-) 
  P16/csa_tree_add_33_32_groupi_cdnfadd27/CO -       CI->CO F     ADDFXL         1  4.9   116   258    9253    (-,-) 
  P16/csa_tree_add_33_32_groupi_cdnfadd28/CO -       CI->CO F     ADDFXL         1  4.9   116   258    9512    (-,-) 
  P16/csa_tree_add_33_32_groupi_cdnfadd29/CO -       CI->CO F     ADDFXL         1  4.9   116   258    9770    (-,-) 
  P16/csa_tree_add_33_32_groupi_cdnfadd30/CO -       CI->CO F     ADDFXL         1  4.9   116   258   10029    (-,-) 
  P16/csa_tree_add_33_32_groupi_cdnfadd31/S  -       CI->S  R     ADDFXL         1  1.9    79   349   10377    (-,-) 
  P16/g108/Y                                 -       B->Y   R     MX2XL          1  2.3    77   150   10528    (-,-) 
  P16/result_reg[31]/D                       -       -      R     DFFRHQX2       1    -     -     0   10528    (-,-) 
#--------------------------------------------------------------------------------------------------------------------



Path 2: MET (2393 ps) Setup Check with Pin P14/result_reg[31]/CK->D
          Group: C2C
     Startpoint: (R) weight_reg_reg[13][2]/CK
          Clock: (R) clk
       Endpoint: (R) P14/result_reg[31]/D
          Clock: (R) clk

                     Capture       Launch     
        Clock Edge:+   13330            0     
       Src Latency:+       0            0     
       Net Latency:+       0 (I)        0 (I) 
           Arrival:=   13330            0     
                                              
             Setup:-     109                  
       Uncertainty:-     300                  
     Required Time:=   12921                  
      Launch Clock:-       0                  
         Data Path:-   10528                  
             Slack:=    2393                  

#--------------------------------------------------------------------------------------------------------------------
#               Timing Point                 Flags    Arc   Edge   Cell     Fanout Load Trans Delay Arrival Instance 
#                                                                                  (fF)  (ps)  (ps)   (ps)  Location 
#--------------------------------------------------------------------------------------------------------------------
  weight_reg_reg[13][2]/CK                   -       -      R     (arrival)   1910    -   200     0       0    (-,-) 
  weight_reg_reg[13][2]/Q                    -       CK->Q  R     DFFRHQX1      26 49.3   422   650     650    (-,-) 
  P14/csa_tree_add_33_32_groupi_g3965/Y      -       A->Y   F     CLKINVX1      23 45.5   368   344     994    (-,-) 
  P14/csa_tree_add_33_32_groupi_g3910/Y      -       A->Y   R     MXI2XL         2  5.6   242   247    1241    (-,-) 
  P14/csa_tree_add_33_32_groupi_g3891/Y      -       B->Y   F     NAND2X1       18 30.3   426   352    1593    (-,-) 
  P14/csa_tree_add_33_32_groupi_g3858/Y      -       A0->Y  R     AOI21XL        1  3.7   198   215    1808    (-,-) 
  P14/csa_tree_add_33_32_groupi_g3769/Y      -       S0->Y  F     MXI2XL         1  6.2   237   159    1966    (-,-) 
  P14/csa_tree_add_33_32_groupi_cdnfadd/CO   -       B->CO  F     ADDFXL         1  4.9   118   307    2274    (-,-) 
  P14/csa_tree_add_33_32_groupi_cdnfadd1/CO  -       CI->CO F     ADDFXL         1  4.9   118   259    2533    (-,-) 
  P14/csa_tree_add_33_32_groupi_cdnfadd2/CO  -       CI->CO F     ADDFXL         1  4.9   118   259    2791    (-,-) 
  P14/csa_tree_add_33_32_groupi_cdnfadd3/CO  -       CI->CO F     ADDFXL         1  4.9   118   259    3050    (-,-) 
  P14/csa_tree_add_33_32_groupi_cdnfadd4/CO  -       CI->CO F     ADDFXL         1  4.9   118   259    3309    (-,-) 
  P14/csa_tree_add_33_32_groupi_cdnfadd5/CO  -       CI->CO F     ADDFXL         1  4.9   118   259    3568    (-,-) 
  P14/csa_tree_add_33_32_groupi_cdnfadd6/CO  -       CI->CO F     ADDFXL         1  4.9   118   259    3827    (-,-) 
  P14/csa_tree_add_33_32_groupi_cdnfadd7/CO  -       CI->CO F     ADDFXL         1  4.9   116   259    4085    (-,-) 
  P14/csa_tree_add_33_32_groupi_cdnfadd8/CO  -       CI->CO F     ADDFXL         1  4.9   116   258    4344    (-,-) 
  P14/csa_tree_add_33_32_groupi_cdnfadd9/CO  -       CI->CO F     ADDFXL         1  4.9   116   258    4602    (-,-) 
  P14/csa_tree_add_33_32_groupi_cdnfadd10/CO -       CI->CO F     ADDFXL         1  4.9   116   258    4861    (-,-) 
  P14/csa_tree_add_33_32_groupi_cdnfadd11/CO -       CI->CO F     ADDFXL         1  4.9   116   258    5119    (-,-) 
  P14/csa_tree_add_33_32_groupi_cdnfadd12/CO -       CI->CO F     ADDFXL         1  4.9   116   258    5377    (-,-) 
  P14/csa_tree_add_33_32_groupi_cdnfadd13/CO -       CI->CO F     ADDFXL         1  4.9   116   258    5636    (-,-) 
  P14/csa_tree_add_33_32_groupi_cdnfadd14/CO -       CI->CO F     ADDFXL         1  4.9   116   258    5894    (-,-) 
  P14/csa_tree_add_33_32_groupi_cdnfadd15/CO -       CI->CO F     ADDFXL         1  4.9   116   258    6153    (-,-) 
  P14/csa_tree_add_33_32_groupi_cdnfadd16/CO -       CI->CO F     ADDFXL         1  4.9   116   258    6411    (-,-) 
  P14/csa_tree_add_33_32_groupi_cdnfadd17/CO -       CI->CO F     ADDFXL         1  4.9   116   258    6669    (-,-) 
  P14/csa_tree_add_33_32_groupi_cdnfadd18/CO -       CI->CO F     ADDFXL         1  4.9   116   258    6928    (-,-) 
  P14/csa_tree_add_33_32_groupi_cdnfadd19/CO -       CI->CO F     ADDFXL         1  4.9   116   258    7186    (-,-) 
  P14/csa_tree_add_33_32_groupi_cdnfadd20/CO -       CI->CO F     ADDFXL         1  4.9   116   258    7445    (-,-) 
  P14/csa_tree_add_33_32_groupi_cdnfadd21/CO -       CI->CO F     ADDFXL         1  4.9   116   258    7703    (-,-) 
  P14/csa_tree_add_33_32_groupi_cdnfadd22/CO -       CI->CO F     ADDFXL         1  4.9   116   258    7961    (-,-) 
  P14/csa_tree_add_33_32_groupi_cdnfadd23/CO -       CI->CO F     ADDFXL         1  4.9   116   258    8220    (-,-) 
  P14/csa_tree_add_33_32_groupi_cdnfadd24/CO -       CI->CO F     ADDFXL         1  4.9   116   258    8478    (-,-) 
  P14/csa_tree_add_33_32_groupi_cdnfadd25/CO -       CI->CO F     ADDFXL         1  4.9   116   258    8737    (-,-) 
  P14/csa_tree_add_33_32_groupi_cdnfadd26/CO -       CI->CO F     ADDFXL         1  4.9   116   258    8995    (-,-) 
  P14/csa_tree_add_33_32_groupi_cdnfadd27/CO -       CI->CO F     ADDFXL         1  4.9   116   258    9253    (-,-) 
  P14/csa_tree_add_33_32_groupi_cdnfadd28/CO -       CI->CO F     ADDFXL         1  4.9   116   258    9512    (-,-) 
  P14/csa_tree_add_33_32_groupi_cdnfadd29/CO -       CI->CO F     ADDFXL         1  4.9   116   258    9770    (-,-) 
  P14/csa_tree_add_33_32_groupi_cdnfadd30/CO -       CI->CO F     ADDFXL         1  4.9   116   258   10029    (-,-) 
  P14/csa_tree_add_33_32_groupi_cdnfadd31/S  -       CI->S  R     ADDFXL         1  1.9    79   349   10377    (-,-) 
  P14/g106/Y                                 -       B->Y   R     MX2XL          1  2.3    77   150   10528    (-,-) 
  P14/result_reg[31]/D                       -       -      R     DFFRHQX2       1    -     -     0   10528    (-,-) 
#--------------------------------------------------------------------------------------------------------------------



Path 3: MET (2393 ps) Setup Check with Pin P13/result_reg[31]/CK->D
          Group: C2C
     Startpoint: (R) weight_reg_reg[12][2]/CK
          Clock: (R) clk
       Endpoint: (R) P13/result_reg[31]/D
          Clock: (R) clk

                     Capture       Launch     
        Clock Edge:+   13330            0     
       Src Latency:+       0            0     
       Net Latency:+       0 (I)        0 (I) 
           Arrival:=   13330            0     
                                              
             Setup:-     109                  
       Uncertainty:-     300                  
     Required Time:=   12921                  
      Launch Clock:-       0                  
         Data Path:-   10528                  
             Slack:=    2393                  

#--------------------------------------------------------------------------------------------------------------------
#               Timing Point                 Flags    Arc   Edge   Cell     Fanout Load Trans Delay Arrival Instance 
#                                                                                  (fF)  (ps)  (ps)   (ps)  Location 
#--------------------------------------------------------------------------------------------------------------------
  weight_reg_reg[12][2]/CK                   -       -      R     (arrival)   1910    -   200     0       0    (-,-) 
  weight_reg_reg[12][2]/Q                    -       CK->Q  R     DFFRHQX1      26 49.3   422   650     650    (-,-) 
  P13/csa_tree_add_33_32_groupi_g3965/Y      -       A->Y   F     CLKINVX1      23 45.5   368   344     994    (-,-) 
  P13/csa_tree_add_33_32_groupi_g3910/Y      -       A->Y   R     MXI2XL         2  5.6   242   247    1241    (-,-) 
  P13/csa_tree_add_33_32_groupi_g3891/Y      -       B->Y   F     NAND2X1       18 30.3   426   352    1593    (-,-) 
  P13/csa_tree_add_33_32_groupi_g3858/Y      -       A0->Y  R     AOI21XL        1  3.7   198   215    1808    (-,-) 
  P13/csa_tree_add_33_32_groupi_g3769/Y      -       S0->Y  F     MXI2XL         1  6.2   237   159    1966    (-,-) 
  P13/csa_tree_add_33_32_groupi_cdnfadd/CO   -       B->CO  F     ADDFXL         1  4.9   118   307    2274    (-,-) 
  P13/csa_tree_add_33_32_groupi_cdnfadd1/CO  -       CI->CO F     ADDFXL         1  4.9   118   259    2533    (-,-) 
  P13/csa_tree_add_33_32_groupi_cdnfadd2/CO  -       CI->CO F     ADDFXL         1  4.9   118   259    2791    (-,-) 
  P13/csa_tree_add_33_32_groupi_cdnfadd3/CO  -       CI->CO F     ADDFXL         1  4.9   118   259    3050    (-,-) 
  P13/csa_tree_add_33_32_groupi_cdnfadd4/CO  -       CI->CO F     ADDFXL         1  4.9   118   259    3309    (-,-) 
  P13/csa_tree_add_33_32_groupi_cdnfadd5/CO  -       CI->CO F     ADDFXL         1  4.9   118   259    3568    (-,-) 
  P13/csa_tree_add_33_32_groupi_cdnfadd6/CO  -       CI->CO F     ADDFXL         1  4.9   118   259    3827    (-,-) 
  P13/csa_tree_add_33_32_groupi_cdnfadd7/CO  -       CI->CO F     ADDFXL         1  4.9   116   259    4085    (-,-) 
  P13/csa_tree_add_33_32_groupi_cdnfadd8/CO  -       CI->CO F     ADDFXL         1  4.9   116   258    4344    (-,-) 
  P13/csa_tree_add_33_32_groupi_cdnfadd9/CO  -       CI->CO F     ADDFXL         1  4.9   116   258    4602    (-,-) 
  P13/csa_tree_add_33_32_groupi_cdnfadd10/CO -       CI->CO F     ADDFXL         1  4.9   116   258    4861    (-,-) 
  P13/csa_tree_add_33_32_groupi_cdnfadd11/CO -       CI->CO F     ADDFXL         1  4.9   116   258    5119    (-,-) 
  P13/csa_tree_add_33_32_groupi_cdnfadd12/CO -       CI->CO F     ADDFXL         1  4.9   116   258    5377    (-,-) 
  P13/csa_tree_add_33_32_groupi_cdnfadd13/CO -       CI->CO F     ADDFXL         1  4.9   116   258    5636    (-,-) 
  P13/csa_tree_add_33_32_groupi_cdnfadd14/CO -       CI->CO F     ADDFXL         1  4.9   116   258    5894    (-,-) 
  P13/csa_tree_add_33_32_groupi_cdnfadd15/CO -       CI->CO F     ADDFXL         1  4.9   116   258    6153    (-,-) 
  P13/csa_tree_add_33_32_groupi_cdnfadd16/CO -       CI->CO F     ADDFXL         1  4.9   116   258    6411    (-,-) 
  P13/csa_tree_add_33_32_groupi_cdnfadd17/CO -       CI->CO F     ADDFXL         1  4.9   116   258    6669    (-,-) 
  P13/csa_tree_add_33_32_groupi_cdnfadd18/CO -       CI->CO F     ADDFXL         1  4.9   116   258    6928    (-,-) 
  P13/csa_tree_add_33_32_groupi_cdnfadd19/CO -       CI->CO F     ADDFXL         1  4.9   116   258    7186    (-,-) 
  P13/csa_tree_add_33_32_groupi_cdnfadd20/CO -       CI->CO F     ADDFXL         1  4.9   116   258    7445    (-,-) 
  P13/csa_tree_add_33_32_groupi_cdnfadd21/CO -       CI->CO F     ADDFXL         1  4.9   116   258    7703    (-,-) 
  P13/csa_tree_add_33_32_groupi_cdnfadd22/CO -       CI->CO F     ADDFXL         1  4.9   116   258    7961    (-,-) 
  P13/csa_tree_add_33_32_groupi_cdnfadd23/CO -       CI->CO F     ADDFXL         1  4.9   116   258    8220    (-,-) 
  P13/csa_tree_add_33_32_groupi_cdnfadd24/CO -       CI->CO F     ADDFXL         1  4.9   116   258    8478    (-,-) 
  P13/csa_tree_add_33_32_groupi_cdnfadd25/CO -       CI->CO F     ADDFXL         1  4.9   116   258    8737    (-,-) 
  P13/csa_tree_add_33_32_groupi_cdnfadd26/CO -       CI->CO F     ADDFXL         1  4.9   116   258    8995    (-,-) 
  P13/csa_tree_add_33_32_groupi_cdnfadd27/CO -       CI->CO F     ADDFXL         1  4.9   116   258    9253    (-,-) 
  P13/csa_tree_add_33_32_groupi_cdnfadd28/CO -       CI->CO F     ADDFXL         1  4.9   116   258    9512    (-,-) 
  P13/csa_tree_add_33_32_groupi_cdnfadd29/CO -       CI->CO F     ADDFXL         1  4.9   116   258    9770    (-,-) 
  P13/csa_tree_add_33_32_groupi_cdnfadd30/CO -       CI->CO F     ADDFXL         1  4.9   116   258   10029    (-,-) 
  P13/csa_tree_add_33_32_groupi_cdnfadd31/S  -       CI->S  R     ADDFXL         1  1.9    79   349   10377    (-,-) 
  P13/g106/Y                                 -       B->Y   R     MX2XL          1  2.3    77   150   10528    (-,-) 
  P13/result_reg[31]/D                       -       -      R     DFFRHQX2       1    -     -     0   10528    (-,-) 
#--------------------------------------------------------------------------------------------------------------------



Path 4: MET (2393 ps) Setup Check with Pin P12/result_reg[31]/CK->D
          Group: C2C
     Startpoint: (R) weight_reg_reg[11][2]/CK
          Clock: (R) clk
       Endpoint: (R) P12/result_reg[31]/D
          Clock: (R) clk

                     Capture       Launch     
        Clock Edge:+   13330            0     
       Src Latency:+       0            0     
       Net Latency:+       0 (I)        0 (I) 
           Arrival:=   13330            0     
                                              
             Setup:-     109                  
       Uncertainty:-     300                  
     Required Time:=   12921                  
      Launch Clock:-       0                  
         Data Path:-   10528                  
             Slack:=    2393                  

#--------------------------------------------------------------------------------------------------------------------
#               Timing Point                 Flags    Arc   Edge   Cell     Fanout Load Trans Delay Arrival Instance 
#                                                                                  (fF)  (ps)  (ps)   (ps)  Location 
#--------------------------------------------------------------------------------------------------------------------
  weight_reg_reg[11][2]/CK                   -       -      R     (arrival)   1910    -   200     0       0    (-,-) 
  weight_reg_reg[11][2]/Q                    -       CK->Q  R     DFFRHQX1      26 49.3   422   650     650    (-,-) 
  P12/csa_tree_add_33_32_groupi_g3965/Y      -       A->Y   F     CLKINVX1      23 45.5   368   344     994    (-,-) 
  P12/csa_tree_add_33_32_groupi_g3910/Y      -       A->Y   R     MXI2XL         2  5.6   242   247    1241    (-,-) 
  P12/csa_tree_add_33_32_groupi_g3891/Y      -       B->Y   F     NAND2X1       18 30.3   426   352    1593    (-,-) 
  P12/csa_tree_add_33_32_groupi_g3858/Y      -       A0->Y  R     AOI21XL        1  3.7   198   215    1808    (-,-) 
  P12/csa_tree_add_33_32_groupi_g3769/Y      -       S0->Y  F     MXI2XL         1  6.2   237   159    1966    (-,-) 
  P12/csa_tree_add_33_32_groupi_cdnfadd/CO   -       B->CO  F     ADDFXL         1  4.9   118   307    2274    (-,-) 
  P12/csa_tree_add_33_32_groupi_cdnfadd1/CO  -       CI->CO F     ADDFXL         1  4.9   118   259    2533    (-,-) 
  P12/csa_tree_add_33_32_groupi_cdnfadd2/CO  -       CI->CO F     ADDFXL         1  4.9   118   259    2791    (-,-) 
  P12/csa_tree_add_33_32_groupi_cdnfadd3/CO  -       CI->CO F     ADDFXL         1  4.9   118   259    3050    (-,-) 
  P12/csa_tree_add_33_32_groupi_cdnfadd4/CO  -       CI->CO F     ADDFXL         1  4.9   118   259    3309    (-,-) 
  P12/csa_tree_add_33_32_groupi_cdnfadd5/CO  -       CI->CO F     ADDFXL         1  4.9   118   259    3568    (-,-) 
  P12/csa_tree_add_33_32_groupi_cdnfadd6/CO  -       CI->CO F     ADDFXL         1  4.9   118   259    3827    (-,-) 
  P12/csa_tree_add_33_32_groupi_cdnfadd7/CO  -       CI->CO F     ADDFXL         1  4.9   116   259    4085    (-,-) 
  P12/csa_tree_add_33_32_groupi_cdnfadd8/CO  -       CI->CO F     ADDFXL         1  4.9   116   258    4344    (-,-) 
  P12/csa_tree_add_33_32_groupi_cdnfadd9/CO  -       CI->CO F     ADDFXL         1  4.9   116   258    4602    (-,-) 
  P12/csa_tree_add_33_32_groupi_cdnfadd10/CO -       CI->CO F     ADDFXL         1  4.9   116   258    4861    (-,-) 
  P12/csa_tree_add_33_32_groupi_cdnfadd11/CO -       CI->CO F     ADDFXL         1  4.9   116   258    5119    (-,-) 
  P12/csa_tree_add_33_32_groupi_cdnfadd12/CO -       CI->CO F     ADDFXL         1  4.9   116   258    5377    (-,-) 
  P12/csa_tree_add_33_32_groupi_cdnfadd13/CO -       CI->CO F     ADDFXL         1  4.9   116   258    5636    (-,-) 
  P12/csa_tree_add_33_32_groupi_cdnfadd14/CO -       CI->CO F     ADDFXL         1  4.9   116   258    5894    (-,-) 
  P12/csa_tree_add_33_32_groupi_cdnfadd15/CO -       CI->CO F     ADDFXL         1  4.9   116   258    6153    (-,-) 
  P12/csa_tree_add_33_32_groupi_cdnfadd16/CO -       CI->CO F     ADDFXL         1  4.9   116   258    6411    (-,-) 
  P12/csa_tree_add_33_32_groupi_cdnfadd17/CO -       CI->CO F     ADDFXL         1  4.9   116   258    6669    (-,-) 
  P12/csa_tree_add_33_32_groupi_cdnfadd18/CO -       CI->CO F     ADDFXL         1  4.9   116   258    6928    (-,-) 
  P12/csa_tree_add_33_32_groupi_cdnfadd19/CO -       CI->CO F     ADDFXL         1  4.9   116   258    7186    (-,-) 
  P12/csa_tree_add_33_32_groupi_cdnfadd20/CO -       CI->CO F     ADDFXL         1  4.9   116   258    7445    (-,-) 
  P12/csa_tree_add_33_32_groupi_cdnfadd21/CO -       CI->CO F     ADDFXL         1  4.9   116   258    7703    (-,-) 
  P12/csa_tree_add_33_32_groupi_cdnfadd22/CO -       CI->CO F     ADDFXL         1  4.9   116   258    7961    (-,-) 
  P12/csa_tree_add_33_32_groupi_cdnfadd23/CO -       CI->CO F     ADDFXL         1  4.9   116   258    8220    (-,-) 
  P12/csa_tree_add_33_32_groupi_cdnfadd24/CO -       CI->CO F     ADDFXL         1  4.9   116   258    8478    (-,-) 
  P12/csa_tree_add_33_32_groupi_cdnfadd25/CO -       CI->CO F     ADDFXL         1  4.9   116   258    8737    (-,-) 
  P12/csa_tree_add_33_32_groupi_cdnfadd26/CO -       CI->CO F     ADDFXL         1  4.9   116   258    8995    (-,-) 
  P12/csa_tree_add_33_32_groupi_cdnfadd27/CO -       CI->CO F     ADDFXL         1  4.9   116   258    9253    (-,-) 
  P12/csa_tree_add_33_32_groupi_cdnfadd28/CO -       CI->CO F     ADDFXL         1  4.9   116   258    9512    (-,-) 
  P12/csa_tree_add_33_32_groupi_cdnfadd29/CO -       CI->CO F     ADDFXL         1  4.9   116   258    9770    (-,-) 
  P12/csa_tree_add_33_32_groupi_cdnfadd30/CO -       CI->CO F     ADDFXL         1  4.9   116   258   10029    (-,-) 
  P12/csa_tree_add_33_32_groupi_cdnfadd31/S  -       CI->S  R     ADDFXL         1  1.9    79   349   10377    (-,-) 
  P12/g106/Y                                 -       B->Y   R     MX2XL          1  2.3    77   150   10528    (-,-) 
  P12/result_reg[31]/D                       -       -      R     DFFRHQX1       1    -     -     0   10528    (-,-) 
#--------------------------------------------------------------------------------------------------------------------



Path 5: MET (2393 ps) Setup Check with Pin P11/result_reg[31]/CK->D
          Group: C2C
     Startpoint: (R) weight_reg_reg[10][2]/CK
          Clock: (R) clk
       Endpoint: (R) P11/result_reg[31]/D
          Clock: (R) clk

                     Capture       Launch     
        Clock Edge:+   13330            0     
       Src Latency:+       0            0     
       Net Latency:+       0 (I)        0 (I) 
           Arrival:=   13330            0     
                                              
             Setup:-     109                  
       Uncertainty:-     300                  
     Required Time:=   12921                  
      Launch Clock:-       0                  
         Data Path:-   10528                  
             Slack:=    2393                  

#--------------------------------------------------------------------------------------------------------------------
#               Timing Point                 Flags    Arc   Edge   Cell     Fanout Load Trans Delay Arrival Instance 
#                                                                                  (fF)  (ps)  (ps)   (ps)  Location 
#--------------------------------------------------------------------------------------------------------------------
  weight_reg_reg[10][2]/CK                   -       -      R     (arrival)   1910    -   200     0       0    (-,-) 
  weight_reg_reg[10][2]/Q                    -       CK->Q  R     DFFRHQX1      26 49.3   422   650     650    (-,-) 
  P11/csa_tree_add_33_32_groupi_g3965/Y      -       A->Y   F     CLKINVX1      23 45.5   368   344     994    (-,-) 
  P11/csa_tree_add_33_32_groupi_g3910/Y      -       A->Y   R     MXI2XL         2  5.6   242   247    1241    (-,-) 
  P11/csa_tree_add_33_32_groupi_g3891/Y      -       B->Y   F     NAND2X1       18 30.3   426   352    1593    (-,-) 
  P11/csa_tree_add_33_32_groupi_g3858/Y      -       A0->Y  R     AOI21XL        1  3.7   198   215    1808    (-,-) 
  P11/csa_tree_add_33_32_groupi_g3769/Y      -       S0->Y  F     MXI2XL         1  6.2   237   159    1966    (-,-) 
  P11/csa_tree_add_33_32_groupi_cdnfadd/CO   -       B->CO  F     ADDFXL         1  4.9   118   307    2274    (-,-) 
  P11/csa_tree_add_33_32_groupi_cdnfadd1/CO  -       CI->CO F     ADDFXL         1  4.9   118   259    2533    (-,-) 
  P11/csa_tree_add_33_32_groupi_cdnfadd2/CO  -       CI->CO F     ADDFXL         1  4.9   118   259    2791    (-,-) 
  P11/csa_tree_add_33_32_groupi_cdnfadd3/CO  -       CI->CO F     ADDFXL         1  4.9   118   259    3050    (-,-) 
  P11/csa_tree_add_33_32_groupi_cdnfadd4/CO  -       CI->CO F     ADDFXL         1  4.9   118   259    3309    (-,-) 
  P11/csa_tree_add_33_32_groupi_cdnfadd5/CO  -       CI->CO F     ADDFXL         1  4.9   118   259    3568    (-,-) 
  P11/csa_tree_add_33_32_groupi_cdnfadd6/CO  -       CI->CO F     ADDFXL         1  4.9   118   259    3827    (-,-) 
  P11/csa_tree_add_33_32_groupi_cdnfadd7/CO  -       CI->CO F     ADDFXL         1  4.9   116   259    4085    (-,-) 
  P11/csa_tree_add_33_32_groupi_cdnfadd8/CO  -       CI->CO F     ADDFXL         1  4.9   116   258    4344    (-,-) 
  P11/csa_tree_add_33_32_groupi_cdnfadd9/CO  -       CI->CO F     ADDFXL         1  4.9   116   258    4602    (-,-) 
  P11/csa_tree_add_33_32_groupi_cdnfadd10/CO -       CI->CO F     ADDFXL         1  4.9   116   258    4861    (-,-) 
  P11/csa_tree_add_33_32_groupi_cdnfadd11/CO -       CI->CO F     ADDFXL         1  4.9   116   258    5119    (-,-) 
  P11/csa_tree_add_33_32_groupi_cdnfadd12/CO -       CI->CO F     ADDFXL         1  4.9   116   258    5377    (-,-) 
  P11/csa_tree_add_33_32_groupi_cdnfadd13/CO -       CI->CO F     ADDFXL         1  4.9   116   258    5636    (-,-) 
  P11/csa_tree_add_33_32_groupi_cdnfadd14/CO -       CI->CO F     ADDFXL         1  4.9   116   258    5894    (-,-) 
  P11/csa_tree_add_33_32_groupi_cdnfadd15/CO -       CI->CO F     ADDFXL         1  4.9   116   258    6153    (-,-) 
  P11/csa_tree_add_33_32_groupi_cdnfadd16/CO -       CI->CO F     ADDFXL         1  4.9   116   258    6411    (-,-) 
  P11/csa_tree_add_33_32_groupi_cdnfadd17/CO -       CI->CO F     ADDFXL         1  4.9   116   258    6669    (-,-) 
  P11/csa_tree_add_33_32_groupi_cdnfadd18/CO -       CI->CO F     ADDFXL         1  4.9   116   258    6928    (-,-) 
  P11/csa_tree_add_33_32_groupi_cdnfadd19/CO -       CI->CO F     ADDFXL         1  4.9   116   258    7186    (-,-) 
  P11/csa_tree_add_33_32_groupi_cdnfadd20/CO -       CI->CO F     ADDFXL         1  4.9   116   258    7445    (-,-) 
  P11/csa_tree_add_33_32_groupi_cdnfadd21/CO -       CI->CO F     ADDFXL         1  4.9   116   258    7703    (-,-) 
  P11/csa_tree_add_33_32_groupi_cdnfadd22/CO -       CI->CO F     ADDFXL         1  4.9   116   258    7961    (-,-) 
  P11/csa_tree_add_33_32_groupi_cdnfadd23/CO -       CI->CO F     ADDFXL         1  4.9   116   258    8220    (-,-) 
  P11/csa_tree_add_33_32_groupi_cdnfadd24/CO -       CI->CO F     ADDFXL         1  4.9   116   258    8478    (-,-) 
  P11/csa_tree_add_33_32_groupi_cdnfadd25/CO -       CI->CO F     ADDFXL         1  4.9   116   258    8737    (-,-) 
  P11/csa_tree_add_33_32_groupi_cdnfadd26/CO -       CI->CO F     ADDFXL         1  4.9   116   258    8995    (-,-) 
  P11/csa_tree_add_33_32_groupi_cdnfadd27/CO -       CI->CO F     ADDFXL         1  4.9   116   258    9253    (-,-) 
  P11/csa_tree_add_33_32_groupi_cdnfadd28/CO -       CI->CO F     ADDFXL         1  4.9   116   258    9512    (-,-) 
  P11/csa_tree_add_33_32_groupi_cdnfadd29/CO -       CI->CO F     ADDFXL         1  4.9   116   258    9770    (-,-) 
  P11/csa_tree_add_33_32_groupi_cdnfadd30/CO -       CI->CO F     ADDFXL         1  4.9   116   258   10029    (-,-) 
  P11/csa_tree_add_33_32_groupi_cdnfadd31/S  -       CI->S  R     ADDFXL         1  1.9    79   349   10377    (-,-) 
  P11/g106/Y                                 -       B->Y   R     MX2XL          1  2.3    77   150   10528    (-,-) 
  P11/result_reg[31]/D                       -       -      R     DFFRHQX1       1    -     -     0   10528    (-,-) 
#--------------------------------------------------------------------------------------------------------------------



Path 6: MET (2393 ps) Setup Check with Pin P10/result_reg[31]/CK->D
          Group: C2C
     Startpoint: (R) weight_reg_reg[9][2]/CK
          Clock: (R) clk
       Endpoint: (R) P10/result_reg[31]/D
          Clock: (R) clk

                     Capture       Launch     
        Clock Edge:+   13330            0     
       Src Latency:+       0            0     
       Net Latency:+       0 (I)        0 (I) 
           Arrival:=   13330            0     
                                              
             Setup:-     109                  
       Uncertainty:-     300                  
     Required Time:=   12921                  
      Launch Clock:-       0                  
         Data Path:-   10528                  
             Slack:=    2393                  

#--------------------------------------------------------------------------------------------------------------------
#               Timing Point                 Flags    Arc   Edge   Cell     Fanout Load Trans Delay Arrival Instance 
#                                                                                  (fF)  (ps)  (ps)   (ps)  Location 
#--------------------------------------------------------------------------------------------------------------------
  weight_reg_reg[9][2]/CK                    -       -      R     (arrival)   1910    -   200     0       0    (-,-) 
  weight_reg_reg[9][2]/Q                     -       CK->Q  R     DFFRHQX1      26 49.3   422   650     650    (-,-) 
  P10/csa_tree_add_33_32_groupi_g3965/Y      -       A->Y   F     CLKINVX1      23 45.5   368   344     994    (-,-) 
  P10/csa_tree_add_33_32_groupi_g3910/Y      -       A->Y   R     MXI2XL         2  5.6   242   247    1241    (-,-) 
  P10/csa_tree_add_33_32_groupi_g3891/Y      -       B->Y   F     NAND2X1       18 30.3   426   352    1593    (-,-) 
  P10/csa_tree_add_33_32_groupi_g3858/Y      -       A0->Y  R     AOI21XL        1  3.7   198   215    1808    (-,-) 
  P10/csa_tree_add_33_32_groupi_g3769/Y      -       S0->Y  F     MXI2XL         1  6.2   237   159    1966    (-,-) 
  P10/csa_tree_add_33_32_groupi_cdnfadd/CO   -       B->CO  F     ADDFXL         1  4.9   118   307    2274    (-,-) 
  P10/csa_tree_add_33_32_groupi_cdnfadd1/CO  -       CI->CO F     ADDFXL         1  4.9   118   259    2533    (-,-) 
  P10/csa_tree_add_33_32_groupi_cdnfadd2/CO  -       CI->CO F     ADDFXL         1  4.9   118   259    2791    (-,-) 
  P10/csa_tree_add_33_32_groupi_cdnfadd3/CO  -       CI->CO F     ADDFXL         1  4.9   118   259    3050    (-,-) 
  P10/csa_tree_add_33_32_groupi_cdnfadd4/CO  -       CI->CO F     ADDFXL         1  4.9   118   259    3309    (-,-) 
  P10/csa_tree_add_33_32_groupi_cdnfadd5/CO  -       CI->CO F     ADDFXL         1  4.9   118   259    3568    (-,-) 
  P10/csa_tree_add_33_32_groupi_cdnfadd6/CO  -       CI->CO F     ADDFXL         1  4.9   118   259    3827    (-,-) 
  P10/csa_tree_add_33_32_groupi_cdnfadd7/CO  -       CI->CO F     ADDFXL         1  4.9   116   259    4085    (-,-) 
  P10/csa_tree_add_33_32_groupi_cdnfadd8/CO  -       CI->CO F     ADDFXL         1  4.9   116   258    4344    (-,-) 
  P10/csa_tree_add_33_32_groupi_cdnfadd9/CO  -       CI->CO F     ADDFXL         1  4.9   116   258    4602    (-,-) 
  P10/csa_tree_add_33_32_groupi_cdnfadd10/CO -       CI->CO F     ADDFXL         1  4.9   116   258    4861    (-,-) 
  P10/csa_tree_add_33_32_groupi_cdnfadd11/CO -       CI->CO F     ADDFXL         1  4.9   116   258    5119    (-,-) 
  P10/csa_tree_add_33_32_groupi_cdnfadd12/CO -       CI->CO F     ADDFXL         1  4.9   116   258    5377    (-,-) 
  P10/csa_tree_add_33_32_groupi_cdnfadd13/CO -       CI->CO F     ADDFXL         1  4.9   116   258    5636    (-,-) 
  P10/csa_tree_add_33_32_groupi_cdnfadd14/CO -       CI->CO F     ADDFXL         1  4.9   116   258    5894    (-,-) 
  P10/csa_tree_add_33_32_groupi_cdnfadd15/CO -       CI->CO F     ADDFXL         1  4.9   116   258    6153    (-,-) 
  P10/csa_tree_add_33_32_groupi_cdnfadd16/CO -       CI->CO F     ADDFXL         1  4.9   116   258    6411    (-,-) 
  P10/csa_tree_add_33_32_groupi_cdnfadd17/CO -       CI->CO F     ADDFXL         1  4.9   116   258    6669    (-,-) 
  P10/csa_tree_add_33_32_groupi_cdnfadd18/CO -       CI->CO F     ADDFXL         1  4.9   116   258    6928    (-,-) 
  P10/csa_tree_add_33_32_groupi_cdnfadd19/CO -       CI->CO F     ADDFXL         1  4.9   116   258    7186    (-,-) 
  P10/csa_tree_add_33_32_groupi_cdnfadd20/CO -       CI->CO F     ADDFXL         1  4.9   116   258    7445    (-,-) 
  P10/csa_tree_add_33_32_groupi_cdnfadd21/CO -       CI->CO F     ADDFXL         1  4.9   116   258    7703    (-,-) 
  P10/csa_tree_add_33_32_groupi_cdnfadd22/CO -       CI->CO F     ADDFXL         1  4.9   116   258    7961    (-,-) 
  P10/csa_tree_add_33_32_groupi_cdnfadd23/CO -       CI->CO F     ADDFXL         1  4.9   116   258    8220    (-,-) 
  P10/csa_tree_add_33_32_groupi_cdnfadd24/CO -       CI->CO F     ADDFXL         1  4.9   116   258    8478    (-,-) 
  P10/csa_tree_add_33_32_groupi_cdnfadd25/CO -       CI->CO F     ADDFXL         1  4.9   116   258    8737    (-,-) 
  P10/csa_tree_add_33_32_groupi_cdnfadd26/CO -       CI->CO F     ADDFXL         1  4.9   116   258    8995    (-,-) 
  P10/csa_tree_add_33_32_groupi_cdnfadd27/CO -       CI->CO F     ADDFXL         1  4.9   116   258    9253    (-,-) 
  P10/csa_tree_add_33_32_groupi_cdnfadd28/CO -       CI->CO F     ADDFXL         1  4.9   116   258    9512    (-,-) 
  P10/csa_tree_add_33_32_groupi_cdnfadd29/CO -       CI->CO F     ADDFXL         1  4.9   116   258    9770    (-,-) 
  P10/csa_tree_add_33_32_groupi_cdnfadd30/CO -       CI->CO F     ADDFXL         1  4.9   116   258   10029    (-,-) 
  P10/csa_tree_add_33_32_groupi_cdnfadd31/S  -       CI->S  R     ADDFXL         1  1.9    79   349   10377    (-,-) 
  P10/g106/Y                                 -       B->Y   R     MX2XL          1  2.3    77   150   10528    (-,-) 
  P10/result_reg[31]/D                       -       -      R     DFFRHQX1       1    -     -     0   10528    (-,-) 
#--------------------------------------------------------------------------------------------------------------------



Path 7: MET (2393 ps) Setup Check with Pin P9/result_reg[31]/CK->D
          Group: C2C
     Startpoint: (R) weight_reg_reg[8][2]/CK
          Clock: (R) clk
       Endpoint: (R) P9/result_reg[31]/D
          Clock: (R) clk

                     Capture       Launch     
        Clock Edge:+   13330            0     
       Src Latency:+       0            0     
       Net Latency:+       0 (I)        0 (I) 
           Arrival:=   13330            0     
                                              
             Setup:-     109                  
       Uncertainty:-     300                  
     Required Time:=   12921                  
      Launch Clock:-       0                  
         Data Path:-   10528                  
             Slack:=    2393                  

#-------------------------------------------------------------------------------------------------------------------
#               Timing Point                Flags    Arc   Edge   Cell     Fanout Load Trans Delay Arrival Instance 
#                                                                                 (fF)  (ps)  (ps)   (ps)  Location 
#-------------------------------------------------------------------------------------------------------------------
  weight_reg_reg[8][2]/CK                   -       -      R     (arrival)   1910    -   200     0       0    (-,-) 
  weight_reg_reg[8][2]/Q                    -       CK->Q  R     DFFRHQX1      26 49.3   422   650     650    (-,-) 
  P9/csa_tree_add_33_32_groupi_g3965/Y      -       A->Y   F     CLKINVX1      23 45.5   368   344     994    (-,-) 
  P9/csa_tree_add_33_32_groupi_g3910/Y      -       A->Y   R     MXI2XL         2  5.6   242   247    1241    (-,-) 
  P9/csa_tree_add_33_32_groupi_g3891/Y      -       B->Y   F     NAND2X1       18 30.3   426   352    1593    (-,-) 
  P9/csa_tree_add_33_32_groupi_g3858/Y      -       A0->Y  R     AOI21XL        1  3.7   198   215    1808    (-,-) 
  P9/csa_tree_add_33_32_groupi_g3769/Y      -       S0->Y  F     MXI2XL         1  6.2   237   159    1966    (-,-) 
  P9/csa_tree_add_33_32_groupi_cdnfadd/CO   -       B->CO  F     ADDFXL         1  4.9   118   307    2274    (-,-) 
  P9/csa_tree_add_33_32_groupi_cdnfadd1/CO  -       CI->CO F     ADDFXL         1  4.9   118   259    2533    (-,-) 
  P9/csa_tree_add_33_32_groupi_cdnfadd2/CO  -       CI->CO F     ADDFXL         1  4.9   118   259    2791    (-,-) 
  P9/csa_tree_add_33_32_groupi_cdnfadd3/CO  -       CI->CO F     ADDFXL         1  4.9   118   259    3050    (-,-) 
  P9/csa_tree_add_33_32_groupi_cdnfadd4/CO  -       CI->CO F     ADDFXL         1  4.9   118   259    3309    (-,-) 
  P9/csa_tree_add_33_32_groupi_cdnfadd5/CO  -       CI->CO F     ADDFXL         1  4.9   118   259    3568    (-,-) 
  P9/csa_tree_add_33_32_groupi_cdnfadd6/CO  -       CI->CO F     ADDFXL         1  4.9   118   259    3827    (-,-) 
  P9/csa_tree_add_33_32_groupi_cdnfadd7/CO  -       CI->CO F     ADDFXL         1  4.9   116   259    4085    (-,-) 
  P9/csa_tree_add_33_32_groupi_cdnfadd8/CO  -       CI->CO F     ADDFXL         1  4.9   116   258    4344    (-,-) 
  P9/csa_tree_add_33_32_groupi_cdnfadd9/CO  -       CI->CO F     ADDFXL         1  4.9   116   258    4602    (-,-) 
  P9/csa_tree_add_33_32_groupi_cdnfadd10/CO -       CI->CO F     ADDFXL         1  4.9   116   258    4861    (-,-) 
  P9/csa_tree_add_33_32_groupi_cdnfadd11/CO -       CI->CO F     ADDFXL         1  4.9   116   258    5119    (-,-) 
  P9/csa_tree_add_33_32_groupi_cdnfadd12/CO -       CI->CO F     ADDFXL         1  4.9   116   258    5377    (-,-) 
  P9/csa_tree_add_33_32_groupi_cdnfadd13/CO -       CI->CO F     ADDFXL         1  4.9   116   258    5636    (-,-) 
  P9/csa_tree_add_33_32_groupi_cdnfadd14/CO -       CI->CO F     ADDFXL         1  4.9   116   258    5894    (-,-) 
  P9/csa_tree_add_33_32_groupi_cdnfadd15/CO -       CI->CO F     ADDFXL         1  4.9   116   258    6153    (-,-) 
  P9/csa_tree_add_33_32_groupi_cdnfadd16/CO -       CI->CO F     ADDFXL         1  4.9   116   258    6411    (-,-) 
  P9/csa_tree_add_33_32_groupi_cdnfadd17/CO -       CI->CO F     ADDFXL         1  4.9   116   258    6669    (-,-) 
  P9/csa_tree_add_33_32_groupi_cdnfadd18/CO -       CI->CO F     ADDFXL         1  4.9   116   258    6928    (-,-) 
  P9/csa_tree_add_33_32_groupi_cdnfadd19/CO -       CI->CO F     ADDFXL         1  4.9   116   258    7186    (-,-) 
  P9/csa_tree_add_33_32_groupi_cdnfadd20/CO -       CI->CO F     ADDFXL         1  4.9   116   258    7445    (-,-) 
  P9/csa_tree_add_33_32_groupi_cdnfadd21/CO -       CI->CO F     ADDFXL         1  4.9   116   258    7703    (-,-) 
  P9/csa_tree_add_33_32_groupi_cdnfadd22/CO -       CI->CO F     ADDFXL         1  4.9   116   258    7961    (-,-) 
  P9/csa_tree_add_33_32_groupi_cdnfadd23/CO -       CI->CO F     ADDFXL         1  4.9   116   258    8220    (-,-) 
  P9/csa_tree_add_33_32_groupi_cdnfadd24/CO -       CI->CO F     ADDFXL         1  4.9   116   258    8478    (-,-) 
  P9/csa_tree_add_33_32_groupi_cdnfadd25/CO -       CI->CO F     ADDFXL         1  4.9   116   258    8737    (-,-) 
  P9/csa_tree_add_33_32_groupi_cdnfadd26/CO -       CI->CO F     ADDFXL         1  4.9   116   258    8995    (-,-) 
  P9/csa_tree_add_33_32_groupi_cdnfadd27/CO -       CI->CO F     ADDFXL         1  4.9   116   258    9253    (-,-) 
  P9/csa_tree_add_33_32_groupi_cdnfadd28/CO -       CI->CO F     ADDFXL         1  4.9   116   258    9512    (-,-) 
  P9/csa_tree_add_33_32_groupi_cdnfadd29/CO -       CI->CO F     ADDFXL         1  4.9   116   258    9770    (-,-) 
  P9/csa_tree_add_33_32_groupi_cdnfadd30/CO -       CI->CO F     ADDFXL         1  4.9   116   258   10029    (-,-) 
  P9/csa_tree_add_33_32_groupi_cdnfadd31/S  -       CI->S  R     ADDFXL         1  1.9    79   349   10377    (-,-) 
  P9/g106/Y                                 -       B->Y   R     MX2XL          1  2.3    77   150   10528    (-,-) 
  P9/result_reg[31]/D                       -       -      R     DFFRHQX1       1    -     -     0   10528    (-,-) 
#-------------------------------------------------------------------------------------------------------------------



Path 8: MET (2393 ps) Setup Check with Pin P8/result_reg[31]/CK->D
          Group: C2C
     Startpoint: (R) weight_reg_reg[7][2]/CK
          Clock: (R) clk
       Endpoint: (R) P8/result_reg[31]/D
          Clock: (R) clk

                     Capture       Launch     
        Clock Edge:+   13330            0     
       Src Latency:+       0            0     
       Net Latency:+       0 (I)        0 (I) 
           Arrival:=   13330            0     
                                              
             Setup:-     109                  
       Uncertainty:-     300                  
     Required Time:=   12921                  
      Launch Clock:-       0                  
         Data Path:-   10528                  
             Slack:=    2393                  

#-------------------------------------------------------------------------------------------------------------------
#               Timing Point                Flags    Arc   Edge   Cell     Fanout Load Trans Delay Arrival Instance 
#                                                                                 (fF)  (ps)  (ps)   (ps)  Location 
#-------------------------------------------------------------------------------------------------------------------
  weight_reg_reg[7][2]/CK                   -       -      R     (arrival)   1910    -   200     0       0    (-,-) 
  weight_reg_reg[7][2]/Q                    -       CK->Q  R     DFFRHQX1      26 49.3   422   650     650    (-,-) 
  P8/csa_tree_add_33_32_groupi_g3965/Y      -       A->Y   F     CLKINVX1      23 45.5   368   344     994    (-,-) 
  P8/csa_tree_add_33_32_groupi_g3910/Y      -       A->Y   R     MXI2XL         2  5.6   242   247    1241    (-,-) 
  P8/csa_tree_add_33_32_groupi_g3891/Y      -       B->Y   F     NAND2X1       18 30.3   426   352    1593    (-,-) 
  P8/csa_tree_add_33_32_groupi_g3858/Y      -       A0->Y  R     AOI21XL        1  3.7   198   215    1808    (-,-) 
  P8/csa_tree_add_33_32_groupi_g3769/Y      -       S0->Y  F     MXI2XL         1  6.2   237   159    1966    (-,-) 
  P8/csa_tree_add_33_32_groupi_cdnfadd/CO   -       B->CO  F     ADDFXL         1  4.9   118   307    2274    (-,-) 
  P8/csa_tree_add_33_32_groupi_cdnfadd1/CO  -       CI->CO F     ADDFXL         1  4.9   118   259    2533    (-,-) 
  P8/csa_tree_add_33_32_groupi_cdnfadd2/CO  -       CI->CO F     ADDFXL         1  4.9   118   259    2791    (-,-) 
  P8/csa_tree_add_33_32_groupi_cdnfadd3/CO  -       CI->CO F     ADDFXL         1  4.9   118   259    3050    (-,-) 
  P8/csa_tree_add_33_32_groupi_cdnfadd4/CO  -       CI->CO F     ADDFXL         1  4.9   118   259    3309    (-,-) 
  P8/csa_tree_add_33_32_groupi_cdnfadd5/CO  -       CI->CO F     ADDFXL         1  4.9   118   259    3568    (-,-) 
  P8/csa_tree_add_33_32_groupi_cdnfadd6/CO  -       CI->CO F     ADDFXL         1  4.9   118   259    3827    (-,-) 
  P8/csa_tree_add_33_32_groupi_cdnfadd7/CO  -       CI->CO F     ADDFXL         1  4.9   116   259    4085    (-,-) 
  P8/csa_tree_add_33_32_groupi_cdnfadd8/CO  -       CI->CO F     ADDFXL         1  4.9   116   258    4344    (-,-) 
  P8/csa_tree_add_33_32_groupi_cdnfadd9/CO  -       CI->CO F     ADDFXL         1  4.9   116   258    4602    (-,-) 
  P8/csa_tree_add_33_32_groupi_cdnfadd10/CO -       CI->CO F     ADDFXL         1  4.9   116   258    4861    (-,-) 
  P8/csa_tree_add_33_32_groupi_cdnfadd11/CO -       CI->CO F     ADDFXL         1  4.9   116   258    5119    (-,-) 
  P8/csa_tree_add_33_32_groupi_cdnfadd12/CO -       CI->CO F     ADDFXL         1  4.9   116   258    5377    (-,-) 
  P8/csa_tree_add_33_32_groupi_cdnfadd13/CO -       CI->CO F     ADDFXL         1  4.9   116   258    5636    (-,-) 
  P8/csa_tree_add_33_32_groupi_cdnfadd14/CO -       CI->CO F     ADDFXL         1  4.9   116   258    5894    (-,-) 
  P8/csa_tree_add_33_32_groupi_cdnfadd15/CO -       CI->CO F     ADDFXL         1  4.9   116   258    6153    (-,-) 
  P8/csa_tree_add_33_32_groupi_cdnfadd16/CO -       CI->CO F     ADDFXL         1  4.9   116   258    6411    (-,-) 
  P8/csa_tree_add_33_32_groupi_cdnfadd17/CO -       CI->CO F     ADDFXL         1  4.9   116   258    6669    (-,-) 
  P8/csa_tree_add_33_32_groupi_cdnfadd18/CO -       CI->CO F     ADDFXL         1  4.9   116   258    6928    (-,-) 
  P8/csa_tree_add_33_32_groupi_cdnfadd19/CO -       CI->CO F     ADDFXL         1  4.9   116   258    7186    (-,-) 
  P8/csa_tree_add_33_32_groupi_cdnfadd20/CO -       CI->CO F     ADDFXL         1  4.9   116   258    7445    (-,-) 
  P8/csa_tree_add_33_32_groupi_cdnfadd21/CO -       CI->CO F     ADDFXL         1  4.9   116   258    7703    (-,-) 
  P8/csa_tree_add_33_32_groupi_cdnfadd22/CO -       CI->CO F     ADDFXL         1  4.9   116   258    7961    (-,-) 
  P8/csa_tree_add_33_32_groupi_cdnfadd23/CO -       CI->CO F     ADDFXL         1  4.9   116   258    8220    (-,-) 
  P8/csa_tree_add_33_32_groupi_cdnfadd24/CO -       CI->CO F     ADDFXL         1  4.9   116   258    8478    (-,-) 
  P8/csa_tree_add_33_32_groupi_cdnfadd25/CO -       CI->CO F     ADDFXL         1  4.9   116   258    8737    (-,-) 
  P8/csa_tree_add_33_32_groupi_cdnfadd26/CO -       CI->CO F     ADDFXL         1  4.9   116   258    8995    (-,-) 
  P8/csa_tree_add_33_32_groupi_cdnfadd27/CO -       CI->CO F     ADDFXL         1  4.9   116   258    9253    (-,-) 
  P8/csa_tree_add_33_32_groupi_cdnfadd28/CO -       CI->CO F     ADDFXL         1  4.9   116   258    9512    (-,-) 
  P8/csa_tree_add_33_32_groupi_cdnfadd29/CO -       CI->CO F     ADDFXL         1  4.9   116   258    9770    (-,-) 
  P8/csa_tree_add_33_32_groupi_cdnfadd30/CO -       CI->CO F     ADDFXL         1  4.9   116   258   10029    (-,-) 
  P8/csa_tree_add_33_32_groupi_cdnfadd31/S  -       CI->S  R     ADDFXL         1  1.9    79   349   10377    (-,-) 
  P8/g106/Y                                 -       B->Y   R     MX2XL          1  2.3    77   150   10528    (-,-) 
  P8/result_reg[31]/D                       -       -      R     DFFRHQX1       1    -     -     0   10528    (-,-) 
#-------------------------------------------------------------------------------------------------------------------



Path 9: MET (2393 ps) Setup Check with Pin P7/result_reg[31]/CK->D
          Group: C2C
     Startpoint: (R) weight_reg_reg[6][2]/CK
          Clock: (R) clk
       Endpoint: (R) P7/result_reg[31]/D
          Clock: (R) clk

                     Capture       Launch     
        Clock Edge:+   13330            0     
       Src Latency:+       0            0     
       Net Latency:+       0 (I)        0 (I) 
           Arrival:=   13330            0     
                                              
             Setup:-     109                  
       Uncertainty:-     300                  
     Required Time:=   12921                  
      Launch Clock:-       0                  
         Data Path:-   10528                  
             Slack:=    2393                  

#-------------------------------------------------------------------------------------------------------------------
#               Timing Point                Flags    Arc   Edge   Cell     Fanout Load Trans Delay Arrival Instance 
#                                                                                 (fF)  (ps)  (ps)   (ps)  Location 
#-------------------------------------------------------------------------------------------------------------------
  weight_reg_reg[6][2]/CK                   -       -      R     (arrival)   1910    -   200     0       0    (-,-) 
  weight_reg_reg[6][2]/Q                    -       CK->Q  R     DFFRHQX1      26 49.3   422   650     650    (-,-) 
  P7/csa_tree_add_33_32_groupi_g3965/Y      -       A->Y   F     CLKINVX1      23 45.5   368   344     994    (-,-) 
  P7/csa_tree_add_33_32_groupi_g3910/Y      -       A->Y   R     MXI2XL         2  5.6   242   247    1241    (-,-) 
  P7/csa_tree_add_33_32_groupi_g3891/Y      -       B->Y   F     NAND2X1       18 30.3   426   352    1593    (-,-) 
  P7/csa_tree_add_33_32_groupi_g3858/Y      -       A0->Y  R     AOI21XL        1  3.7   198   215    1808    (-,-) 
  P7/csa_tree_add_33_32_groupi_g3769/Y      -       S0->Y  F     MXI2XL         1  6.2   237   159    1966    (-,-) 
  P7/csa_tree_add_33_32_groupi_cdnfadd/CO   -       B->CO  F     ADDFXL         1  4.9   118   307    2274    (-,-) 
  P7/csa_tree_add_33_32_groupi_cdnfadd1/CO  -       CI->CO F     ADDFXL         1  4.9   118   259    2533    (-,-) 
  P7/csa_tree_add_33_32_groupi_cdnfadd2/CO  -       CI->CO F     ADDFXL         1  4.9   118   259    2791    (-,-) 
  P7/csa_tree_add_33_32_groupi_cdnfadd3/CO  -       CI->CO F     ADDFXL         1  4.9   118   259    3050    (-,-) 
  P7/csa_tree_add_33_32_groupi_cdnfadd4/CO  -       CI->CO F     ADDFXL         1  4.9   118   259    3309    (-,-) 
  P7/csa_tree_add_33_32_groupi_cdnfadd5/CO  -       CI->CO F     ADDFXL         1  4.9   118   259    3568    (-,-) 
  P7/csa_tree_add_33_32_groupi_cdnfadd6/CO  -       CI->CO F     ADDFXL         1  4.9   118   259    3827    (-,-) 
  P7/csa_tree_add_33_32_groupi_cdnfadd7/CO  -       CI->CO F     ADDFXL         1  4.9   116   259    4085    (-,-) 
  P7/csa_tree_add_33_32_groupi_cdnfadd8/CO  -       CI->CO F     ADDFXL         1  4.9   116   258    4344    (-,-) 
  P7/csa_tree_add_33_32_groupi_cdnfadd9/CO  -       CI->CO F     ADDFXL         1  4.9   116   258    4602    (-,-) 
  P7/csa_tree_add_33_32_groupi_cdnfadd10/CO -       CI->CO F     ADDFXL         1  4.9   116   258    4861    (-,-) 
  P7/csa_tree_add_33_32_groupi_cdnfadd11/CO -       CI->CO F     ADDFXL         1  4.9   116   258    5119    (-,-) 
  P7/csa_tree_add_33_32_groupi_cdnfadd12/CO -       CI->CO F     ADDFXL         1  4.9   116   258    5377    (-,-) 
  P7/csa_tree_add_33_32_groupi_cdnfadd13/CO -       CI->CO F     ADDFXL         1  4.9   116   258    5636    (-,-) 
  P7/csa_tree_add_33_32_groupi_cdnfadd14/CO -       CI->CO F     ADDFXL         1  4.9   116   258    5894    (-,-) 
  P7/csa_tree_add_33_32_groupi_cdnfadd15/CO -       CI->CO F     ADDFXL         1  4.9   116   258    6153    (-,-) 
  P7/csa_tree_add_33_32_groupi_cdnfadd16/CO -       CI->CO F     ADDFXL         1  4.9   116   258    6411    (-,-) 
  P7/csa_tree_add_33_32_groupi_cdnfadd17/CO -       CI->CO F     ADDFXL         1  4.9   116   258    6669    (-,-) 
  P7/csa_tree_add_33_32_groupi_cdnfadd18/CO -       CI->CO F     ADDFXL         1  4.9   116   258    6928    (-,-) 
  P7/csa_tree_add_33_32_groupi_cdnfadd19/CO -       CI->CO F     ADDFXL         1  4.9   116   258    7186    (-,-) 
  P7/csa_tree_add_33_32_groupi_cdnfadd20/CO -       CI->CO F     ADDFXL         1  4.9   116   258    7445    (-,-) 
  P7/csa_tree_add_33_32_groupi_cdnfadd21/CO -       CI->CO F     ADDFXL         1  4.9   116   258    7703    (-,-) 
  P7/csa_tree_add_33_32_groupi_cdnfadd22/CO -       CI->CO F     ADDFXL         1  4.9   116   258    7961    (-,-) 
  P7/csa_tree_add_33_32_groupi_cdnfadd23/CO -       CI->CO F     ADDFXL         1  4.9   116   258    8220    (-,-) 
  P7/csa_tree_add_33_32_groupi_cdnfadd24/CO -       CI->CO F     ADDFXL         1  4.9   116   258    8478    (-,-) 
  P7/csa_tree_add_33_32_groupi_cdnfadd25/CO -       CI->CO F     ADDFXL         1  4.9   116   258    8737    (-,-) 
  P7/csa_tree_add_33_32_groupi_cdnfadd26/CO -       CI->CO F     ADDFXL         1  4.9   116   258    8995    (-,-) 
  P7/csa_tree_add_33_32_groupi_cdnfadd27/CO -       CI->CO F     ADDFXL         1  4.9   116   258    9253    (-,-) 
  P7/csa_tree_add_33_32_groupi_cdnfadd28/CO -       CI->CO F     ADDFXL         1  4.9   116   258    9512    (-,-) 
  P7/csa_tree_add_33_32_groupi_cdnfadd29/CO -       CI->CO F     ADDFXL         1  4.9   116   258    9770    (-,-) 
  P7/csa_tree_add_33_32_groupi_cdnfadd30/CO -       CI->CO F     ADDFXL         1  4.9   116   258   10029    (-,-) 
  P7/csa_tree_add_33_32_groupi_cdnfadd31/S  -       CI->S  R     ADDFXL         1  1.9    79   349   10377    (-,-) 
  P7/g106/Y                                 -       B->Y   R     MX2XL          1  2.3    77   150   10528    (-,-) 
  P7/result_reg[31]/D                       -       -      R     DFFRHQX1       1    -     -     0   10528    (-,-) 
#-------------------------------------------------------------------------------------------------------------------



Path 10: MET (2395 ps) Setup Check with Pin P15/result_reg[31]/CK->D
          Group: C2C
     Startpoint: (R) weight_reg_reg[14][2]/CK
          Clock: (R) clk
       Endpoint: (R) P15/result_reg[31]/D
          Clock: (R) clk

                     Capture       Launch     
        Clock Edge:+   13330            0     
       Src Latency:+       0            0     
       Net Latency:+       0 (I)        0 (I) 
           Arrival:=   13330            0     
                                              
             Setup:-     109                  
       Uncertainty:-     300                  
     Required Time:=   12921                  
      Launch Clock:-       0                  
         Data Path:-   10526                  
             Slack:=    2395                  

#--------------------------------------------------------------------------------------------------------------------
#               Timing Point                 Flags    Arc   Edge   Cell     Fanout Load Trans Delay Arrival Instance 
#                                                                                  (fF)  (ps)  (ps)   (ps)  Location 
#--------------------------------------------------------------------------------------------------------------------
  weight_reg_reg[14][2]/CK                   -       -      R     (arrival)   1910    -   200     0       0    (-,-) 
  weight_reg_reg[14][2]/Q                    -       CK->Q  R     DFFRHQX1      26 49.1   420   649     649    (-,-) 
  P15/csa_tree_add_33_32_groupi_g3965/Y      -       A->Y   F     CLKINVX1      23 45.5   367   344     993    (-,-) 
  P15/csa_tree_add_33_32_groupi_g3910/Y      -       A->Y   R     MXI2XL         2  5.6   242   247    1239    (-,-) 
  P15/csa_tree_add_33_32_groupi_g3891/Y      -       B->Y   F     NAND2X1       18 30.3   426   352    1591    (-,-) 
  P15/csa_tree_add_33_32_groupi_g3858/Y      -       A0->Y  R     AOI21XL        1  3.7   198   215    1806    (-,-) 
  P15/csa_tree_add_33_32_groupi_g3769/Y      -       S0->Y  F     MXI2XL         1  6.2   237   159    1965    (-,-) 
  P15/csa_tree_add_33_32_groupi_cdnfadd/CO   -       B->CO  F     ADDFXL         1  4.9   118   307    2272    (-,-) 
  P15/csa_tree_add_33_32_groupi_cdnfadd1/CO  -       CI->CO F     ADDFXL         1  4.9   118   259    2531    (-,-) 
  P15/csa_tree_add_33_32_groupi_cdnfadd2/CO  -       CI->CO F     ADDFXL         1  4.9   118   259    2790    (-,-) 
  P15/csa_tree_add_33_32_groupi_cdnfadd3/CO  -       CI->CO F     ADDFXL         1  4.9   118   259    3048    (-,-) 
  P15/csa_tree_add_33_32_groupi_cdnfadd4/CO  -       CI->CO F     ADDFXL         1  4.9   118   259    3307    (-,-) 
  P15/csa_tree_add_33_32_groupi_cdnfadd5/CO  -       CI->CO F     ADDFXL         1  4.9   118   259    3566    (-,-) 
  P15/csa_tree_add_33_32_groupi_cdnfadd6/CO  -       CI->CO F     ADDFXL         1  4.9   118   259    3825    (-,-) 
  P15/csa_tree_add_33_32_groupi_cdnfadd7/CO  -       CI->CO F     ADDFXL         1  4.9   116   259    4084    (-,-) 
  P15/csa_tree_add_33_32_groupi_cdnfadd8/CO  -       CI->CO F     ADDFXL         1  4.9   116   258    4342    (-,-) 
  P15/csa_tree_add_33_32_groupi_cdnfadd9/CO  -       CI->CO F     ADDFXL         1  4.9   116   258    4600    (-,-) 
  P15/csa_tree_add_33_32_groupi_cdnfadd10/CO -       CI->CO F     ADDFXL         1  4.9   116   258    4859    (-,-) 
  P15/csa_tree_add_33_32_groupi_cdnfadd11/CO -       CI->CO F     ADDFXL         1  4.9   116   258    5117    (-,-) 
  P15/csa_tree_add_33_32_groupi_cdnfadd12/CO -       CI->CO F     ADDFXL         1  4.9   116   258    5376    (-,-) 
  P15/csa_tree_add_33_32_groupi_cdnfadd13/CO -       CI->CO F     ADDFXL         1  4.9   116   258    5634    (-,-) 
  P15/csa_tree_add_33_32_groupi_cdnfadd14/CO -       CI->CO F     ADDFXL         1  4.9   116   258    5892    (-,-) 
  P15/csa_tree_add_33_32_groupi_cdnfadd15/CO -       CI->CO F     ADDFXL         1  4.9   116   258    6151    (-,-) 
  P15/csa_tree_add_33_32_groupi_cdnfadd16/CO -       CI->CO F     ADDFXL         1  4.9   116   258    6409    (-,-) 
  P15/csa_tree_add_33_32_groupi_cdnfadd17/CO -       CI->CO F     ADDFXL         1  4.9   116   258    6668    (-,-) 
  P15/csa_tree_add_33_32_groupi_cdnfadd18/CO -       CI->CO F     ADDFXL         1  4.9   116   258    6926    (-,-) 
  P15/csa_tree_add_33_32_groupi_cdnfadd19/CO -       CI->CO F     ADDFXL         1  4.9   116   258    7184    (-,-) 
  P15/csa_tree_add_33_32_groupi_cdnfadd20/CO -       CI->CO F     ADDFXL         1  4.9   116   258    7443    (-,-) 
  P15/csa_tree_add_33_32_groupi_cdnfadd21/CO -       CI->CO F     ADDFXL         1  4.9   116   258    7701    (-,-) 
  P15/csa_tree_add_33_32_groupi_cdnfadd22/CO -       CI->CO F     ADDFXL         1  4.9   116   258    7960    (-,-) 
  P15/csa_tree_add_33_32_groupi_cdnfadd23/CO -       CI->CO F     ADDFXL         1  4.9   116   258    8218    (-,-) 
  P15/csa_tree_add_33_32_groupi_cdnfadd24/CO -       CI->CO F     ADDFXL         1  4.9   116   258    8476    (-,-) 
  P15/csa_tree_add_33_32_groupi_cdnfadd25/CO -       CI->CO F     ADDFXL         1  4.9   116   258    8735    (-,-) 
  P15/csa_tree_add_33_32_groupi_cdnfadd26/CO -       CI->CO F     ADDFXL         1  4.9   116   258    8993    (-,-) 
  P15/csa_tree_add_33_32_groupi_cdnfadd27/CO -       CI->CO F     ADDFXL         1  4.9   116   258    9252    (-,-) 
  P15/csa_tree_add_33_32_groupi_cdnfadd28/CO -       CI->CO F     ADDFXL         1  4.9   116   258    9510    (-,-) 
  P15/csa_tree_add_33_32_groupi_cdnfadd29/CO -       CI->CO F     ADDFXL         1  4.9   116   258    9768    (-,-) 
  P15/csa_tree_add_33_32_groupi_cdnfadd30/CO -       CI->CO F     ADDFXL         1  4.9   116   258   10027    (-,-) 
  P15/csa_tree_add_33_32_groupi_cdnfadd31/S  -       CI->S  R     ADDFXL         1  1.9    79   349   10376    (-,-) 
  P15/g106/Y                                 -       B->Y   R     MX2XL          1  2.3    77   150   10526    (-,-) 
  P15/result_reg[31]/D                       -       -      R     DFFRHQX2       1    -     -     0   10526    (-,-) 
#--------------------------------------------------------------------------------------------------------------------

