============================================================
  Generated by:           Genus(TM) Synthesis Solution 20.11-s111_1
  Generated on:           Apr 17 2026  11:13:36 pm
  Module:                 systolic_array
  Operating conditions:   slow (balanced_tree)
  Wireload mode:          enclosed
  Area mode:              timing library
============================================================

Some unconstrained paths have not been displayed.
Use -unconstrained or set the root attribute 'timing_report_unconstrained' to 'true' to see only these unconstrained paths.

============================================================
  Generated by:           Genus(TM) Synthesis Solution 20.11-s111_1
  Generated on:           Apr 17 2026  11:13:36 pm
  Module:                 systolic_array
  Operating conditions:   slow (balanced_tree)
  Wireload mode:          enclosed
  Area mode:              timing library
============================================================

No paths found

============================================================
  Generated by:           Genus(TM) Synthesis Solution 20.11-s111_1
  Generated on:           Apr 17 2026  11:13:36 pm
  Module:                 systolic_array
  Operating conditions:   slow (balanced_tree)
  Wireload mode:          enclosed
  Area mode:              timing library
============================================================


Path 1: MET (9944 ps) Setup Check with Pin A_SRAM/mem_reg[0][15]/clk->sena
          Group: I2C
     Startpoint: (R) a_we
          Clock: (R) clk
       Endpoint: (R) A_SRAM/mem_reg[0][15]/sena
          Clock: (R) clk

                     Capture       Launch     
        Clock Edge:+   13330            0     
        Drv Adjust:+       0          123     
       Src Latency:+       0            0     
       Net Latency:+       0 (I)        0 (I) 
           Arrival:=   13330          123     
                                              
             Setup:-     298                  
       Uncertainty:-     300                  
     Required Time:=   12732                  
      Launch Clock:-     123                  
       Input Delay:-    2000                  
         Data Path:-     665                  
             Slack:=    9944                  

Exceptions/Constraints:
  input_delay             2000            systolic.sdc_line_35 

#-----------------------------------------------------------------------------------------------------------
#       Timing Point         Flags    Arc    Edge      Cell        Fanout Load Trans Delay Arrival Instance 
#                                                                         (fF)  (ps)  (ps)   (ps)  Location 
#-----------------------------------------------------------------------------------------------------------
  a_we                       (u)     -       R     (arrival)            6 42.0    54     0    2123    (-,-) 
  mux_39_31/g4/z             (u)     sel0->z F     unmapped_bmux3      25 35.0     0   216    2340    (-,-) 
  A_SRAM/ctl_A_26_13/g42/z   (u)     in_0->z R     unmapped_not         8 56.0     0   107    2447    (-,-) 
  A_SRAM/ctl_A_26_13/g1/z    (u)     in_3->z F     unmapped_nand4       1  7.0     0   141    2588    (-,-) 
  A_SRAM/ctl_A_26_13/g17/z   (u)     in_0->z R     unmapped_not         1  7.0     0    34    2622    (-,-) 
  A_SRAM/g45/z               (u)     in_0->z R     unmapped_and2       16 42.0     0   166    2788    (-,-) 
  A_SRAM/mem_reg[0][15]/sena -       -       R     unmapped_d_flop     16    -     -     0    2788    (-,-) 
#-----------------------------------------------------------------------------------------------------------

(u) : Net has unmapped pin(s).

============================================================
  Generated by:           Genus(TM) Synthesis Solution 20.11-s111_1
  Generated on:           Apr 17 2026  11:13:36 pm
  Module:                 systolic_array
  Operating conditions:   slow (balanced_tree)
  Wireload mode:          enclosed
  Area mode:              timing library
============================================================


Path 1: MET (10422 ps) Late External Delay Assertion at pin Re4[0]
          Group: C2O
     Startpoint: (R) P16/result_reg[0]/clk
          Clock: (R) clk
       Endpoint: (R) Re4[0]
          Clock: (R) clk

                     Capture       Launch     
        Clock Edge:+   13330            0     
       Src Latency:+       0            0     
       Net Latency:+       0 (I)        0 (I) 
           Arrival:=   13330            0     
                                              
      Output Delay:-    2000                  
       Uncertainty:-     300                  
     Required Time:=   11030                  
      Launch Clock:-       0                  
         Data Path:-     608                  
             Slack:=   10422                  

Exceptions/Constraints:
  output_delay             2000            systolic.sdc_line_45_159_1 

#------------------------------------------------------------------------------------------------------
#     Timing Point      Flags    Arc   Edge      Cell        Fanout  Load Trans Delay Arrival Instance 
#                                                                    (fF)  (ps)  (ps)   (ps)  Location 
#------------------------------------------------------------------------------------------------------
  P16/result_reg[0]/clk -       -      R     (arrival)         1910     -   200     0       0    (-,-) 
  P16/result_reg[0]/q   (u)     clk->q R     unmapped_d_flop      1 100.0     0   608     608    (-,-) 
  Re4[0]                -       -      R     (port)               -     -     -     0     608    (-,-) 
#------------------------------------------------------------------------------------------------------

(u) : Net has unmapped pin(s).

============================================================
  Generated by:           Genus(TM) Synthesis Solution 20.11-s111_1
  Generated on:           Apr 17 2026  11:13:36 pm
  Module:                 systolic_array
  Operating conditions:   slow (balanced_tree)
  Wireload mode:          enclosed
  Area mode:              timing library
============================================================


Path 1: MET (8809 ps) Setup Check with Pin P16/result_reg[31]/clk->d
          Group: C2C
     Startpoint: (R) weight_reg_reg[15][1]/clk
          Clock: (R) clk
       Endpoint: (R) P16/result_reg[31]/d
          Clock: (R) clk

                     Capture       Launch     
        Clock Edge:+   13330            0     
       Src Latency:+       0            0     
       Net Latency:+       0 (I)        0 (I) 
           Arrival:=   13330            0     
                                              
             Setup:-     298                  
       Uncertainty:-     300                  
     Required Time:=   12732                  
      Launch Clock:-       0                  
         Data Path:-    3923                  
             Slack:=    8809                  

#-----------------------------------------------------------------------------------------------------------
#       Timing Point        Flags    Arc    Edge      Cell        Fanout  Load Trans Delay Arrival Instance 
#                                                                         (fF)  (ps)  (ps)   (ps)  Location 
#-----------------------------------------------------------------------------------------------------------
  weight_reg_reg[15][1]/clk -       -       R     (arrival)         1910     -   200     0       0    (-,-) 
  weight_reg_reg[15][1]/q   (u)     clk->q  R     unmapped_d_flop     24  35.0     0   591     591    (-,-) 
  P16/mul_23_62/g86/z       (u)     in_1->z R     unmapped_xor2       17 119.0     0   248     839    (-,-) 
  P16/mul_23_62/g88/z       (u)     in_0->z F     unmapped_not         1   7.0     0    34     873    (-,-) 
  P16/mul_23_62/g89/z       (u)     in_0->z F     unmapped_and2       17 119.0     0   183    1056    (-,-) 
  P16/mul_23_62/g164/z      (u)     in_1->z R     unmapped_nand2       1   7.0     0    61    1117    (-,-) 
  P16/mul_23_62/g165/z      (u)     in_1->z F     unmapped_nand2       1   7.0     0    61    1178    (-,-) 
  P16/mul_23_62/g166/z      (u)     in_0->z R     unmapped_not         3  21.0     0    64    1242    (-,-) 
  P16/mul_23_62/g1284/z     (u)     in_0->z R     unmapped_xor2        1   7.0     0   126    1368    (-,-) 
  P16/mul_23_62/g1285/z     (u)     in_0->z R     unmapped_xor2        3  21.0     0   155    1523    (-,-) 
  P16/mul_23_62/g1303/z     (u)     in_1->z R     unmapped_xor2        3  21.0     0   155    1678    (-,-) 
  P16/mul_23_62/g1314/z     (u)     in_0->z R     unmapped_xor2        1   7.0     0   126    1804    (-,-) 
  P16/mul_23_62/g1315/z     (u)     in_0->z R     unmapped_xor2        3  21.0     0   155    1959    (-,-) 
  P16/mul_23_62/g1320/z     (u)     in_1->z R     unmapped_xor2        1   7.0     0   126    2084    (-,-) 
  P16/mul_23_62/g1321/z     (u)     in_0->z R     unmapped_xor2        2  14.0     0   142    2226    (-,-) 
  P16/mul_23_62/g1650/z     (u)     in_1->z F     unmapped_nor2        3  21.0     0    90    2316    (-,-) 
  P16/mul_23_62/g1707/z     (u)     in_1->z R     unmapped_nor2        2  14.0     0    77    2394    (-,-) 
  P16/mul_23_62/g1764/z     (u)     in_0->z F     unmapped_not         1   7.0     0    34    2428    (-,-) 
  P16/mul_23_62/g1765/z     (u)     in_1->z R     unmapped_nor2        1   7.0     0    61    2489    (-,-) 
  P16/mul_23_62/g1767/z     (u)     in_0->z F     unmapped_nor2        5  35.0     0   110    2598    (-,-) 
  P16/mul_23_62/g1829/z     (u)     in_1->z R     unmapped_nor2        1   7.0     0    61    2659    (-,-) 
  P16/mul_23_62/g252/z      (u)     in_0->z F     unmapped_nor2        8  56.0     0   134    2793    (-,-) 
  P16/mul_23_62/g1861/z     (u)     in_1->z R     unmapped_nor2        1   7.0     0    61    2854    (-,-) 
  P16/mul_23_62/g1863/z     (u)     in_0->z F     unmapped_nor2        1   7.0     0    61    2915    (-,-) 
  P16/mul_23_62/g351/z      (u)     in_0->z R     unmapped_nand2       1   7.0     0    61    2976    (-,-) 
  P16/mul_23_62/g436/z      (u)     in_0->z R     unmapped_xnor2       2  14.0     0   142    3118    (-,-) 
  P16/add_33_32/g54/z       (u)     in_1->z F     unmapped_nor2        3  21.0     0    90    3208    (-,-) 
  P16/add_33_32/g115/z      (u)     in_1->z R     unmapped_nor2        1   7.0     0    61    3268    (-,-) 
  P16/add_33_32/g117/z      (u)     in_0->z F     unmapped_nor2        3  21.0     0    90    3358    (-,-) 
  P16/add_33_32/g192/z      (u)     in_0->z R     unmapped_nor2        1   7.0     0    61    3419    (-,-) 
  P16/add_33_32/g194/z      (u)     in_0->z F     unmapped_nor2        4  28.0     0   100    3519    (-,-) 
  P16/add_33_32/g260/z      (u)     in_1->z R     unmapped_nor2        1   7.0     0    61    3580    (-,-) 
  P16/add_33_32/g262/z      (u)     in_0->z F     unmapped_nor2        1   7.0     0    61    3641    (-,-) 
  P16/add_33_32/g319/z      (u)     in_0->z R     unmapped_not         1   7.0     0    34    3675    (-,-) 
  P16/add_33_32/g320/z      (u)     in_1->z F     unmapped_nor2        1   7.0     0    61    3736    (-,-) 
  P16/add_33_32/g366/z      (u)     in_0->z R     unmapped_nand2       1   7.0     0    61    3797    (-,-) 
  P16/add_33_32/g449/z      (u)     in_0->z R     unmapped_xnor2       1   7.0     0   126    3923    (-,-) 
  P16/result_reg[31]/d      -       -       R     unmapped_d_flop      1     -     -     0    3923    (-,-) 
#-----------------------------------------------------------------------------------------------------------

(u) : Net has unmapped pin(s).

============================================================
  Generated by:           Genus(TM) Synthesis Solution 20.11-s111_1
  Generated on:           Apr 17 2026  11:13:36 pm
  Module:                 systolic_array
  Operating conditions:   slow (balanced_tree)
  Wireload mode:          enclosed
  Area mode:              timing library
============================================================

No paths found

