============================================================
  Generated by:           Genus(TM) Synthesis Solution 20.11-s111_1
  Generated on:           Apr 17 2026  11:17:28 pm
  Module:                 systolic_array
  Operating conditions:   slow (balanced_tree)
  Wireload mode:          enclosed
  Area mode:              timing library
============================================================


Path 1: MET (9119 ps) Setup Check with Pin A_SRAM/dout_reg_reg[3]/CK->D
          Group: I2C
     Startpoint: (F) a_we
          Clock: (R) clk
       Endpoint: (F) A_SRAM/dout_reg_reg[3]/D
          Clock: (R) clk

                     Capture       Launch     
        Clock Edge:+   13330            0     
        Drv Adjust:+       0          126     
       Src Latency:+       0            0     
       Net Latency:+       0 (I)        0 (I) 
           Arrival:=   13330          126     
                                              
             Setup:-      99                  
       Uncertainty:-     300                  
     Required Time:=   12931                  
      Launch Clock:-     126                  
       Input Delay:-    2000                  
         Data Path:-    1686                  
             Slack:=    9119                  

Exceptions/Constraints:
  input_delay             2000            systolic.sdc_line_35 

#-------------------------------------------------------------------------------------------------
#      Timing Point        Flags   Arc   Edge   Cell     Fanout Load Trans Delay Arrival Instance 
#                                                               (fF)  (ps)  (ps)   (ps)  Location 
#-------------------------------------------------------------------------------------------------
  a_we                     -       -     F     (arrival)     23 45.8   175     0    2126    (-,-) 
  g5494/Y                  -       S0->Y R     MX2XL          6  9.7   168   300    2427    (-,-) 
  A_SRAM/g6102/Y           -       A->Y  F     INVXL          3  4.8    98    94    2521    (-,-) 
  A_SRAM/g6091__1881/Y     -       A->Y  R     NAND2XL        2  4.4    92    98    2618    (-,-) 
  A_SRAM/g6087/Y           -       A->Y  F     INVXL          3  5.1    79    79    2698    (-,-) 
  A_SRAM/g6046__1617/Y     -       B->Y  F     AND2XL        16 25.6   327   293    2990    (-,-) 
  A_SRAM/g6024__6131/Y     -       A0->Y R     AOI22XL        1  1.7   142   177    3168    (-,-) 
  A_SRAM/g5679__2802/Y     -       B->Y  F     NAND2XL        1  1.7    87    83    3251    (-,-) 
  A_SRAM/g5667__7410/Y     -       C0->Y R     AOI221XL       1  1.7   180   148    3399    (-,-) 
  A_SRAM/g5652__1705/Y     -       D->Y  F     NAND4XL        1  1.7   180   154    3552    (-,-) 
  A_SRAM/g5636__2883/Y     -       C0->Y R     AOI221XL       1  1.7   185   173    3726    (-,-) 
  A_SRAM/g5614__2398/Y     -       B->Y  F     NAND2XL        1  1.6    95    87    3812    (-,-) 
  A_SRAM/dout_reg_reg[3]/D -       -     F     DFFQXL         1    -     -     0    3812    (-,-) 
#-------------------------------------------------------------------------------------------------

