============================================================
  Generated by:           Genus(TM) Synthesis Solution 20.11-s111_1
  Generated on:           Apr 17 2026  11:17:09 pm
  Module:                 systolic_array
  Operating conditions:   slow (balanced_tree)
  Wireload mode:          enclosed
  Area mode:              timing library
============================================================


Path 1: MET (2397 ps) Setup Check with Pin P16/result_reg[31]/CK->D
          Group: C2C
     Startpoint: (R) weight_reg_reg[15][2]/CK
          Clock: (R) clk
       Endpoint: (R) P16/result_reg[31]/D
          Clock: (R) clk

                     Capture       Launch     
        Clock Edge:+   13330            0     
       Src Latency:+       0            0     
       Net Latency:+       0 (I)        0 (I) 
           Arrival:=   13330            0     
                                              
             Setup:-     105                  
       Uncertainty:-     300                  
     Required Time:=   12925                  
      Launch Clock:-       0                  
         Data Path:-   10528                  
             Slack:=    2397                  

#--------------------------------------------------------------------------------------------------------------------
#               Timing Point                 Flags    Arc   Edge   Cell     Fanout Load Trans Delay Arrival Instance 
#                                                                                  (fF)  (ps)  (ps)   (ps)  Location 
#--------------------------------------------------------------------------------------------------------------------
  weight_reg_reg[15][2]/CK                   -       -      R     (arrival)   1910    -   200     0       0    (-,-) 
  weight_reg_reg[15][2]/Q                    -       CK->Q  R     DFFRHQX1      26 49.3   422   650     650    (-,-) 
  P16/csa_tree_add_33_32_groupi_g3965/Y      -       A->Y   F     CLKINVX1      23 45.5   368   344     994    (-,-) 
  P16/csa_tree_add_33_32_groupi_g3910/Y      -       A->Y   R     MXI2XL         2  5.6   242   247    1241    (-,-) 
  P16/csa_tree_add_33_32_groupi_g3891/Y      -       B->Y   F     NAND2X1       18 30.3   426   352    1593    (-,-) 
  P16/csa_tree_add_33_32_groupi_g3858/Y      -       A0->Y  R     AOI21XL        1  3.7   198   215    1808    (-,-) 
  P16/csa_tree_add_33_32_groupi_g3769/Y      -       S0->Y  F     MXI2XL         1  6.2   237   159    1966    (-,-) 
  P16/csa_tree_add_33_32_groupi_cdnfadd/CO   -       B->CO  F     ADDFXL         1  4.9   118   307    2274    (-,-) 
  P16/csa_tree_add_33_32_groupi_cdnfadd1/CO  -       CI->CO F     ADDFXL         1  4.9   118   259    2533    (-,-) 
  P16/csa_tree_add_33_32_groupi_cdnfadd2/CO  -       CI->CO F     ADDFXL         1  4.9   118   259    2791    (-,-) 
  P16/csa_tree_add_33_32_groupi_cdnfadd3/CO  -       CI->CO F     ADDFXL         1  4.9   118   259    3050    (-,-) 
  P16/csa_tree_add_33_32_groupi_cdnfadd4/CO  -       CI->CO F     ADDFXL         1  4.9   118   259    3309    (-,-) 
  P16/csa_tree_add_33_32_groupi_cdnfadd5/CO  -       CI->CO F     ADDFXL         1  4.9   118   259    3568    (-,-) 
  P16/csa_tree_add_33_32_groupi_cdnfadd6/CO  -       CI->CO F     ADDFXL         1  4.9   118   259    3827    (-,-) 
  P16/csa_tree_add_33_32_groupi_cdnfadd7/CO  -       CI->CO F     ADDFXL         1  4.9   116   259    4085    (-,-) 
  P16/csa_tree_add_33_32_groupi_cdnfadd8/CO  -       CI->CO F     ADDFXL         1  4.9   116   258    4344    (-,-) 
  P16/csa_tree_add_33_32_groupi_cdnfadd9/CO  -       CI->CO F     ADDFXL         1  4.9   116   258    4602    (-,-) 
  P16/csa_tree_add_33_32_groupi_cdnfadd10/CO -       CI->CO F     ADDFXL         1  4.9   116   258    4861    (-,-) 
  P16/csa_tree_add_33_32_groupi_cdnfadd11/CO -       CI->CO F     ADDFXL         1  4.9   116   258    5119    (-,-) 
  P16/csa_tree_add_33_32_groupi_cdnfadd12/CO -       CI->CO F     ADDFXL         1  4.9   116   258    5377    (-,-) 
  P16/csa_tree_add_33_32_groupi_cdnfadd13/CO -       CI->CO F     ADDFXL         1  4.9   116   258    5636    (-,-) 
  P16/csa_tree_add_33_32_groupi_cdnfadd14/CO -       CI->CO F     ADDFXL         1  4.9   116   258    5894    (-,-) 
  P16/csa_tree_add_33_32_groupi_cdnfadd15/CO -       CI->CO F     ADDFXL         1  4.9   116   258    6153    (-,-) 
  P16/csa_tree_add_33_32_groupi_cdnfadd16/CO -       CI->CO F     ADDFXL         1  4.9   116   258    6411    (-,-) 
  P16/csa_tree_add_33_32_groupi_cdnfadd17/CO -       CI->CO F     ADDFXL         1  4.9   116   258    6669    (-,-) 
  P16/csa_tree_add_33_32_groupi_cdnfadd18/CO -       CI->CO F     ADDFXL         1  4.9   116   258    6928    (-,-) 
  P16/csa_tree_add_33_32_groupi_cdnfadd19/CO -       CI->CO F     ADDFXL         1  4.9   116   258    7186    (-,-) 
  P16/csa_tree_add_33_32_groupi_cdnfadd20/CO -       CI->CO F     ADDFXL         1  4.9   116   258    7445    (-,-) 
  P16/csa_tree_add_33_32_groupi_cdnfadd21/CO -       CI->CO F     ADDFXL         1  4.9   116   258    7703    (-,-) 
  P16/csa_tree_add_33_32_groupi_cdnfadd22/CO -       CI->CO F     ADDFXL         1  4.9   116   258    7961    (-,-) 
  P16/csa_tree_add_33_32_groupi_cdnfadd23/CO -       CI->CO F     ADDFXL         1  4.9   116   258    8220    (-,-) 
  P16/csa_tree_add_33_32_groupi_cdnfadd24/CO -       CI->CO F     ADDFXL         1  4.9   116   258    8478    (-,-) 
  P16/csa_tree_add_33_32_groupi_cdnfadd25/CO -       CI->CO F     ADDFXL         1  4.9   116   258    8737    (-,-) 
  P16/csa_tree_add_33_32_groupi_cdnfadd26/CO -       CI->CO F     ADDFXL         1  4.9   116   258    8995    (-,-) 
  P16/csa_tree_add_33_32_groupi_cdnfadd27/CO -       CI->CO F     ADDFXL         1  4.9   116   258    9253    (-,-) 
  P16/csa_tree_add_33_32_groupi_cdnfadd28/CO -       CI->CO F     ADDFXL         1  4.9   116   258    9512    (-,-) 
  P16/csa_tree_add_33_32_groupi_cdnfadd29/CO -       CI->CO F     ADDFXL         1  4.9   116   258    9770    (-,-) 
  P16/csa_tree_add_33_32_groupi_cdnfadd30/CO -       CI->CO F     ADDFXL         1  4.9   116   258   10029    (-,-) 
  P16/csa_tree_add_33_32_groupi_cdnfadd31/S  -       CI->S  R     ADDFXL         1  1.9    79   349   10377    (-,-) 
  P16/g108/Y                                 -       B->Y   R     MX2XL          1  2.3    81   150   10528    (-,-) 
  P16/result_reg[31]/D                       -       -      R     DFFRHQX2       1    -     -     0   10528    (-,-) 
#--------------------------------------------------------------------------------------------------------------------

